<?xml version="1.0"?>
<link_info>
   <banner>TMS320C6x Linker PC v7.4.4</banner>
   <copyright>Copyright (c) 1996-2013 Texas Instruments Incorporated</copyright>
   <link_time>0x5886a298</link_time>
   <output_file>LittleLamb.out</output_file>
   <entry_point>
      <name>_c_int00</name>
      <address>0x1181a060</address>
   </entry_point>
   <input_file_list>
      <input_file id="fl-2">
         <path>.\</path>
         <kind>object</kind>
         <file>vectors_intr.obj</file>
         <name>vectors_intr.obj</name>
      </input_file>
      <input_file id="fl-3">
         <path>.\</path>
         <kind>object</kind>
         <file>main.obj</file>
         <name>main.obj</name>
      </input_file>
      <input_file id="fl-4">
         <path>.\</path>
         <kind>object</kind>
         <file>L138_LCDK_aic3106_init.obj</file>
         <name>L138_LCDK_aic3106_init.obj</name>
      </input_file>
      <input_file id="fl-9">
         <path>C:\ti\ccsv5\tools\compiler\c6000_7.4.4\lib\</path>
         <kind>archive</kind>
         <file>rts6740.lib</file>
         <name>boot.obj</name>
      </input_file>
      <input_file id="fl-a">
         <path>C:\ti\ccsv5\tools\compiler\c6000_7.4.4\lib\</path>
         <kind>archive</kind>
         <file>rts6740.lib</file>
         <name>divu.obj</name>
      </input_file>
      <input_file id="fl-b">
         <path>C:\ti\ccsv5\tools\compiler\c6000_7.4.4\lib\</path>
         <kind>archive</kind>
         <file>rts6740.lib</file>
         <name>exit.obj</name>
      </input_file>
      <input_file id="fl-c">
         <path>C:\ti\ccsv5\tools\compiler\c6000_7.4.4\lib\</path>
         <kind>archive</kind>
         <file>rts6740.lib</file>
         <name>fclose.obj</name>
      </input_file>
      <input_file id="fl-d">
         <path>C:\ti\ccsv5\tools\compiler\c6000_7.4.4\lib\</path>
         <kind>archive</kind>
         <file>rts6740.lib</file>
         <name>fflush.obj</name>
      </input_file>
      <input_file id="fl-e">
         <path>C:\ti\ccsv5\tools\compiler\c6000_7.4.4\lib\</path>
         <kind>archive</kind>
         <file>rts6740.lib</file>
         <name>fopen.obj</name>
      </input_file>
      <input_file id="fl-f">
         <path>C:\ti\ccsv5\tools\compiler\c6000_7.4.4\lib\</path>
         <kind>archive</kind>
         <file>rts6740.lib</file>
         <name>fread.obj</name>
      </input_file>
      <input_file id="fl-10">
         <path>C:\ti\ccsv5\tools\compiler\c6000_7.4.4\lib\</path>
         <kind>archive</kind>
         <file>rts6740.lib</file>
         <name>lowlev.obj</name>
      </input_file>
      <input_file id="fl-11">
         <path>C:\ti\ccsv5\tools\compiler\c6000_7.4.4\lib\</path>
         <kind>archive</kind>
         <file>rts6740.lib</file>
         <name>memcpy64.obj</name>
      </input_file>
      <input_file id="fl-12">
         <path>C:\ti\ccsv5\tools\compiler\c6000_7.4.4\lib\</path>
         <kind>archive</kind>
         <file>rts6740.lib</file>
         <name>memory.obj</name>
      </input_file>
      <input_file id="fl-13">
         <path>C:\ti\ccsv5\tools\compiler\c6000_7.4.4\lib\</path>
         <kind>archive</kind>
         <file>rts6740.lib</file>
         <name>memset.obj</name>
      </input_file>
      <input_file id="fl-14">
         <path>C:\ti\ccsv5\tools\compiler\c6000_7.4.4\lib\</path>
         <kind>archive</kind>
         <file>rts6740.lib</file>
         <name>perror.obj</name>
      </input_file>
      <input_file id="fl-15">
         <path>C:\ti\ccsv5\tools\compiler\c6000_7.4.4\lib\</path>
         <kind>archive</kind>
         <file>rts6740.lib</file>
         <name>printf.obj</name>
      </input_file>
      <input_file id="fl-16">
         <path>C:\ti\ccsv5\tools\compiler\c6000_7.4.4\lib\</path>
         <kind>archive</kind>
         <file>rts6740.lib</file>
         <name>remove.obj</name>
      </input_file>
      <input_file id="fl-17">
         <path>C:\ti\ccsv5\tools\compiler\c6000_7.4.4\lib\</path>
         <kind>archive</kind>
         <file>rts6740.lib</file>
         <name>trgdrv.obj</name>
      </input_file>
      <input_file id="fl-18">
         <path>C:\ti\ccsv5\tools\compiler\c6000_7.4.4\lib\</path>
         <kind>archive</kind>
         <file>rts6740.lib</file>
         <name>trgmsg.obj</name>
      </input_file>
      <input_file id="fl-19">
         <path>C:\ti\ccsv5\tools\compiler\c6000_7.4.4\lib\</path>
         <kind>archive</kind>
         <file>rts6740.lib</file>
         <name>_bufread.obj</name>
      </input_file>
      <input_file id="fl-1a">
         <path>C:\ti\ccsv5\tools\compiler\c6000_7.4.4\lib\</path>
         <kind>archive</kind>
         <file>rts6740.lib</file>
         <name>_io_perm.obj</name>
      </input_file>
      <input_file id="fl-1b">
         <path>C:\ti\ccsv5\tools\compiler\c6000_7.4.4\lib\</path>
         <kind>archive</kind>
         <file>rts6740.lib</file>
         <name>_lock.obj</name>
      </input_file>
      <input_file id="fl-1c">
         <path>C:\ti\ccsv5\tools\compiler\c6000_7.4.4\lib\</path>
         <kind>archive</kind>
         <file>rts6740.lib</file>
         <name>_printfi.obj</name>
      </input_file>
      <input_file id="fl-1d">
         <path>C:\ti\ccsv5\tools\compiler\c6000_7.4.4\lib\</path>
         <kind>archive</kind>
         <file>rts6740.lib</file>
         <name>args_main.obj</name>
      </input_file>
      <input_file id="fl-1e">
         <path>C:\ti\ccsv5\tools\compiler\c6000_7.4.4\lib\</path>
         <kind>archive</kind>
         <file>rts6740.lib</file>
         <name>atoi.obj</name>
      </input_file>
      <input_file id="fl-1f">
         <path>C:\ti\ccsv5\tools\compiler\c6000_7.4.4\lib\</path>
         <kind>archive</kind>
         <file>rts6740.lib</file>
         <name>autoinit.obj</name>
      </input_file>
      <input_file id="fl-20">
         <path>C:\ti\ccsv5\tools\compiler\c6000_7.4.4\lib\</path>
         <kind>archive</kind>
         <file>rts6740.lib</file>
         <name>cpp_init.obj</name>
      </input_file>
      <input_file id="fl-21">
         <path>C:\ti\ccsv5\tools\compiler\c6000_7.4.4\lib\</path>
         <kind>archive</kind>
         <file>rts6740.lib</file>
         <name>cpy_tbl.obj</name>
      </input_file>
      <input_file id="fl-22">
         <path>C:\ti\ccsv5\tools\compiler\c6000_7.4.4\lib\</path>
         <kind>archive</kind>
         <file>rts6740.lib</file>
         <name>ctype.obj</name>
      </input_file>
      <input_file id="fl-23">
         <path>C:\ti\ccsv5\tools\compiler\c6000_7.4.4\lib\</path>
         <kind>archive</kind>
         <file>rts6740.lib</file>
         <name>defs.obj</name>
      </input_file>
      <input_file id="fl-24">
         <path>C:\ti\ccsv5\tools\compiler\c6000_7.4.4\lib\</path>
         <kind>archive</kind>
         <file>rts6740.lib</file>
         <name>divd.obj</name>
      </input_file>
      <input_file id="fl-25">
         <path>C:\ti\ccsv5\tools\compiler\c6000_7.4.4\lib\</path>
         <kind>archive</kind>
         <file>rts6740.lib</file>
         <name>errno.obj</name>
      </input_file>
      <input_file id="fl-26">
         <path>C:\ti\ccsv5\tools\compiler\c6000_7.4.4\lib\</path>
         <kind>archive</kind>
         <file>rts6740.lib</file>
         <name>fixdli.obj</name>
      </input_file>
      <input_file id="fl-27">
         <path>C:\ti\ccsv5\tools\compiler\c6000_7.4.4\lib\</path>
         <kind>archive</kind>
         <file>rts6740.lib</file>
         <name>fltlid.obj</name>
      </input_file>
      <input_file id="fl-28">
         <path>C:\ti\ccsv5\tools\compiler\c6000_7.4.4\lib\</path>
         <kind>archive</kind>
         <file>rts6740.lib</file>
         <name>fputc.obj</name>
      </input_file>
      <input_file id="fl-29">
         <path>C:\ti\ccsv5\tools\compiler\c6000_7.4.4\lib\</path>
         <kind>archive</kind>
         <file>rts6740.lib</file>
         <name>fputs.obj</name>
      </input_file>
      <input_file id="fl-2a">
         <path>C:\ti\ccsv5\tools\compiler\c6000_7.4.4\lib\</path>
         <kind>archive</kind>
         <file>rts6740.lib</file>
         <name>frcmpyd_div.obj</name>
      </input_file>
      <input_file id="fl-2b">
         <path>C:\ti\ccsv5\tools\compiler\c6000_7.4.4\lib\</path>
         <kind>archive</kind>
         <file>rts6740.lib</file>
         <name>fseek.obj</name>
      </input_file>
      <input_file id="fl-2c">
         <path>C:\ti\ccsv5\tools\compiler\c6000_7.4.4\lib\</path>
         <kind>archive</kind>
         <file>rts6740.lib</file>
         <name>imath40.obj</name>
      </input_file>
      <input_file id="fl-2d">
         <path>C:\ti\ccsv5\tools\compiler\c6000_7.4.4\lib\</path>
         <kind>archive</kind>
         <file>rts6740.lib</file>
         <name>imath64.obj</name>
      </input_file>
      <input_file id="fl-2e">
         <path>C:\ti\ccsv5\tools\compiler\c6000_7.4.4\lib\</path>
         <kind>archive</kind>
         <file>rts6740.lib</file>
         <name>isinf.obj</name>
      </input_file>
      <input_file id="fl-2f">
         <path>C:\ti\ccsv5\tools\compiler\c6000_7.4.4\lib\</path>
         <kind>archive</kind>
         <file>rts6740.lib</file>
         <name>llshift.obj</name>
      </input_file>
      <input_file id="fl-30">
         <path>C:\ti\ccsv5\tools\compiler\c6000_7.4.4\lib\</path>
         <kind>archive</kind>
         <file>rts6740.lib</file>
         <name>ltoa.obj</name>
      </input_file>
      <input_file id="fl-31">
         <path>C:\ti\ccsv5\tools\compiler\c6000_7.4.4\lib\</path>
         <kind>archive</kind>
         <file>rts6740.lib</file>
         <name>memccpy.obj</name>
      </input_file>
      <input_file id="fl-32">
         <path>C:\ti\ccsv5\tools\compiler\c6000_7.4.4\lib\</path>
         <kind>archive</kind>
         <file>rts6740.lib</file>
         <name>negll.obj</name>
      </input_file>
      <input_file id="fl-33">
         <path>C:\ti\ccsv5\tools\compiler\c6000_7.4.4\lib\</path>
         <kind>archive</kind>
         <file>rts6740.lib</file>
         <name>setvbuf.obj</name>
      </input_file>
      <input_file id="fl-34">
         <path>C:\ti\ccsv5\tools\compiler\c6000_7.4.4\lib\</path>
         <kind>archive</kind>
         <file>rts6740.lib</file>
         <name>abs.obj</name>
      </input_file>
      <input_file id="fl-35">
         <path>C:\Users\EE113D\MyProjects\OMAP-L138_GEL_BSL_Files\bsl\lib\</path>
         <kind>archive</kind>
         <file>evmomapl138_bsl.lib</file>
         <name>evmomapl138_timer.obj</name>
      </input_file>
      <input_file id="fl-36">
         <path>C:\Users\EE113D\MyProjects\OMAP-L138_GEL_BSL_Files\bsl\lib\</path>
         <kind>archive</kind>
         <file>evmomapl138_bsl.lib</file>
         <name>evmomapl138_gpio.obj</name>
      </input_file>
      <input_file id="fl-37">
         <path>C:\Users\EE113D\MyProjects\OMAP-L138_GEL_BSL_Files\bsl\lib\</path>
         <kind>archive</kind>
         <file>evmomapl138_bsl.lib</file>
         <name>evmomapl138_aic3106.obj</name>
      </input_file>
      <input_file id="fl-38">
         <path>C:\Users\EE113D\MyProjects\OMAP-L138_GEL_BSL_Files\bsl\lib\</path>
         <kind>archive</kind>
         <file>evmomapl138_bsl.lib</file>
         <name>evmomapl138.obj</name>
      </input_file>
      <input_file id="fl-39">
         <path>C:\Users\EE113D\MyProjects\OMAP-L138_GEL_BSL_Files\bsl\lib\</path>
         <kind>archive</kind>
         <file>evmomapl138_bsl.lib</file>
         <name>evmomapl138_i2c_gpio.obj</name>
      </input_file>
      <input_file id="fl-3a">
         <path>C:\Users\EE113D\MyProjects\OMAP-L138_GEL_BSL_Files\bsl\lib\</path>
         <kind>archive</kind>
         <file>evmomapl138_bsl.lib</file>
         <name>evmomapl138_i2c.obj</name>
      </input_file>
   </input_file_list>
   <object_component_list>
      <object_component id="oc-d9">
         <name>.text</name>
         <load_address>0x11810000</load_address>
         <run_address>0x11810000</run_address>
         <size>0x16e0</size>
         <input_file_ref idref="fl-4"/>
      </object_component>
      <object_component id="oc-eb">
         <name>.text</name>
         <load_address>0x118116e0</load_address>
         <run_address>0x118116e0</run_address>
         <size>0xc20</size>
         <input_file_ref idref="fl-38"/>
      </object_component>
      <object_component id="oc-e5">
         <name>.text</name>
         <load_address>0x11812300</load_address>
         <run_address>0x11812300</run_address>
         <size>0x9e0</size>
         <input_file_ref idref="fl-3"/>
      </object_component>
      <object_component id="oc-12b">
         <name>.text:__divd</name>
         <load_address>0x11812ce0</load_address>
         <run_address>0x11812ce0</run_address>
         <size>0x5a0</size>
         <input_file_ref idref="fl-24"/>
      </object_component>
      <object_component id="oc-122">
         <name>.text:__getarg_diouxp</name>
         <load_address>0x11813280</load_address>
         <run_address>0x11813280</run_address>
         <size>0x580</size>
         <input_file_ref idref="fl-1c"/>
      </object_component>
      <object_component id="oc-f8">
         <name>.text</name>
         <load_address>0x11813800</load_address>
         <run_address>0x11813800</run_address>
         <size>0x4e0</size>
         <input_file_ref idref="fl-39"/>
      </object_component>
      <object_component id="oc-fd">
         <name>.text:__printfi</name>
         <load_address>0x11813ce0</load_address>
         <run_address>0x11813ce0</run_address>
         <size>0x440</size>
         <input_file_ref idref="fl-1c"/>
      </object_component>
      <object_component id="oc-10a">
         <name>.text:__setfield</name>
         <load_address>0x11814120</load_address>
         <run_address>0x11814120</run_address>
         <size>0x440</size>
         <input_file_ref idref="fl-1c"/>
      </object_component>
      <object_component id="oc-f9">
         <name>.text:_fputs</name>
         <load_address>0x11814560</load_address>
         <run_address>0x11814560</run_address>
         <size>0x3a0</size>
         <input_file_ref idref="fl-29"/>
      </object_component>
      <object_component id="oc-e8">
         <name>.text</name>
         <load_address>0x11814900</load_address>
         <run_address>0x11814900</run_address>
         <size>0x380</size>
         <input_file_ref idref="fl-36"/>
      </object_component>
      <object_component id="oc-f3">
         <name>.text</name>
         <load_address>0x11814c80</load_address>
         <run_address>0x11814c80</run_address>
         <size>0x380</size>
         <input_file_ref idref="fl-3a"/>
      </object_component>
      <object_component id="oc-115">
         <name>.text:__pproc_fge</name>
         <load_address>0x11815000</load_address>
         <run_address>0x11815000</run_address>
         <size>0x320</size>
         <input_file_ref idref="fl-1c"/>
      </object_component>
      <object_component id="oc-109">
         <name>.text:__pproc_fwp</name>
         <load_address>0x11815320</load_address>
         <run_address>0x11815320</run_address>
         <size>0x2c0</size>
         <input_file_ref idref="fl-1c"/>
      </object_component>
      <object_component id="oc-f1">
         <name>.text:_fread</name>
         <load_address>0x118155e0</load_address>
         <run_address>0x118155e0</run_address>
         <size>0x2c0</size>
         <input_file_ref idref="fl-f"/>
      </object_component>
      <object_component id="oc-126">
         <name>.text:_ecvt</name>
         <load_address>0x118158a0</load_address>
         <run_address>0x118158a0</run_address>
         <size>0x2a0</size>
         <input_file_ref idref="fl-1c"/>
      </object_component>
      <object_component id="oc-129">
         <name>.text:_fcvt</name>
         <load_address>0x11815b40</load_address>
         <run_address>0x11815b40</run_address>
         <size>0x2a0</size>
         <input_file_ref idref="fl-1c"/>
      </object_component>
      <object_component id="oc-110">
         <name>.text:_free</name>
         <load_address>0x11815de0</load_address>
         <run_address>0x11815de0</run_address>
         <size>0x280</size>
         <input_file_ref idref="fl-12"/>
      </object_component>
      <object_component id="oc-133">
         <name>.text:__divull</name>
         <load_address>0x11816060</load_address>
         <run_address>0x11816060</run_address>
         <size>0x260</size>
         <input_file_ref idref="fl-2d"/>
      </object_component>
      <object_component id="oc-121">
         <name>.text:__pconv_e</name>
         <load_address>0x118162c0</load_address>
         <run_address>0x118162c0</run_address>
         <size>0x260</size>
         <input_file_ref idref="fl-1c"/>
      </object_component>
      <object_component id="oc-116">
         <name>.text:__pproc_diouxp</name>
         <load_address>0x11816520</load_address>
         <run_address>0x11816520</run_address>
         <size>0x240</size>
         <input_file_ref idref="fl-1c"/>
      </object_component>
      <object_component id="oc-10b">
         <name>.text:__pproc_str</name>
         <load_address>0x11816760</load_address>
         <run_address>0x11816760</run_address>
         <size>0x220</size>
         <input_file_ref idref="fl-1c"/>
      </object_component>
      <object_component id="oc-fb">
         <name>.text:_fputc</name>
         <load_address>0x11816980</load_address>
         <run_address>0x11816980</run_address>
         <size>0x220</size>
         <input_file_ref idref="fl-28"/>
      </object_component>
      <object_component id="oc-19">
         <name>.text:retain</name>
         <load_address>0x11816ba0</load_address>
         <run_address>0x11816ba0</run_address>
         <size>0x220</size>
         <input_file_ref idref="fl-3"/>
      </object_component>
      <object_component id="oc-11f">
         <name>.text:__pconv_g</name>
         <load_address>0x11816dc0</load_address>
         <run_address>0x11816dc0</run_address>
         <size>0x200</size>
         <input_file_ref idref="fl-1c"/>
      </object_component>
      <object_component id="oc-10f">
         <name>.text:_setvbuf</name>
         <load_address>0x11816fc0</load_address>
         <run_address>0x11816fc0</run_address>
         <size>0x200</size>
         <input_file_ref idref="fl-33"/>
      </object_component>
      <object_component id="oc-ea">
         <name>.text</name>
         <load_address>0x118171c0</load_address>
         <run_address>0x118171c0</run_address>
         <size>0x1e0</size>
         <input_file_ref idref="fl-35"/>
      </object_component>
      <object_component id="oc-128">
         <name>.text:__mcpy</name>
         <load_address>0x118173a0</load_address>
         <run_address>0x118173a0</run_address>
         <size>0x1c0</size>
         <input_file_ref idref="fl-1c"/>
      </object_component>
      <object_component id="oc-100">
         <name>.text:__openfile</name>
         <load_address>0x11817560</load_address>
         <run_address>0x11817560</run_address>
         <size>0x1c0</size>
         <input_file_ref idref="fl-e"/>
      </object_component>
      <object_component id="oc-132">
         <name>.text:__divul</name>
         <load_address>0x11817720</load_address>
         <run_address>0x11817720</run_address>
         <size>0x1a0</size>
         <input_file_ref idref="fl-2c"/>
      </object_component>
      <object_component id="oc-e7">
         <name>.text</name>
         <load_address>0x118178c0</load_address>
         <run_address>0x118178c0</run_address>
         <size>0x1a0</size>
         <input_file_ref idref="fl-37"/>
      </object_component>
      <object_component id="oc-e0">
         <name>.text:_HOSTrename</name>
         <load_address>0x11817a60</load_address>
         <run_address>0x11817a60</run_address>
         <size>0x180</size>
         <input_file_ref idref="fl-17"/>
      </object_component>
      <object_component id="oc-e9">
         <name>.text:_malloc</name>
         <load_address>0x11817be0</load_address>
         <run_address>0x11817be0</run_address>
         <size>0x180</size>
         <input_file_ref idref="fl-12"/>
      </object_component>
      <object_component id="oc-10e">
         <name>.text:_open</name>
         <load_address>0x11817d60</load_address>
         <run_address>0x11817d60</run_address>
         <size>0x180</size>
         <input_file_ref idref="fl-10"/>
      </object_component>
      <object_component id="oc-108">
         <name>.text:__pproc_fflags</name>
         <load_address>0x11817ee0</load_address>
         <run_address>0x11817ee0</run_address>
         <size>0x140</size>
         <input_file_ref idref="fl-1c"/>
      </object_component>
      <object_component id="oc-119">
         <name>.text:_getdevice</name>
         <load_address>0x11818020</load_address>
         <run_address>0x11818020</run_address>
         <size>0x140</size>
         <input_file_ref idref="fl-10"/>
      </object_component>
      <object_component id="oc-102">
         <name>.text:__buff_read</name>
         <load_address>0x11818160</load_address>
         <run_address>0x11818160</run_address>
         <size>0x120</size>
         <input_file_ref idref="fl-19"/>
      </object_component>
      <object_component id="oc-104">
         <name>.text:__closefile</name>
         <load_address>0x11818280</load_address>
         <run_address>0x11818280</run_address>
         <size>0x120</size>
         <input_file_ref idref="fl-c"/>
      </object_component>
      <object_component id="oc-124">
         <name>.text:__ltostr</name>
         <load_address>0x118183a0</load_address>
         <run_address>0x118183a0</run_address>
         <size>0x120</size>
         <input_file_ref idref="fl-1c"/>
      </object_component>
      <object_component id="oc-ff">
         <name>.text:__search_fp</name>
         <load_address>0x118184c0</load_address>
         <run_address>0x118184c0</run_address>
         <size>0x120</size>
         <input_file_ref idref="fl-e"/>
      </object_component>
      <object_component id="oc-113">
         <name>.text:_fseek</name>
         <load_address>0x118185e0</load_address>
         <run_address>0x118185e0</run_address>
         <size>0x120</size>
         <input_file_ref idref="fl-2b"/>
      </object_component>
      <object_component id="oc-ee">
         <name>.text:_perror</name>
         <load_address>0x11818700</load_address>
         <run_address>0x11818700</run_address>
         <size>0x120</size>
         <input_file_ref idref="fl-14"/>
      </object_component>
      <object_component id="oc-de">
         <name>.text:_HOSTlseek</name>
         <load_address>0x11818820</load_address>
         <run_address>0x11818820</run_address>
         <size>0x100</size>
         <input_file_ref idref="fl-17"/>
      </object_component>
      <object_component id="oc-105">
         <name>.text:__wrt_ok</name>
         <load_address>0x11818920</load_address>
         <run_address>0x11818920</run_address>
         <size>0x100</size>
         <input_file_ref idref="fl-1a"/>
      </object_component>
      <object_component id="oc-da">
         <name>.text:_HOSTopen</name>
         <load_address>0x11818a20</load_address>
         <run_address>0x11818a20</run_address>
         <size>0xe0</size>
         <input_file_ref idref="fl-17"/>
      </object_component>
      <object_component id="oc-114">
         <name>.text:_atoi</name>
         <load_address>0x11818b00</load_address>
         <run_address>0x11818b00</run_address>
         <size>0xe0</size>
         <input_file_ref idref="fl-1e"/>
      </object_component>
      <object_component id="oc-111">
         <name>.text:_close</name>
         <load_address>0x11818be0</load_address>
         <run_address>0x11818be0</run_address>
         <size>0xe0</size>
         <input_file_ref idref="fl-10"/>
      </object_component>
      <object_component id="oc-10c">
         <name>.text:_memset</name>
         <load_address>0x11818cc0</load_address>
         <run_address>0x11818cc0</run_address>
         <size>0xe0</size>
         <input_file_ref idref="fl-13"/>
      </object_component>
      <object_component id="oc-ef">
         <name>.text:_printf</name>
         <load_address>0x11818da0</load_address>
         <run_address>0x11818da0</run_address>
         <size>0xe0</size>
         <input_file_ref idref="fl-15"/>
      </object_component>
      <object_component id="oc-dc">
         <name>.text:_HOSTread</name>
         <load_address>0x11818e80</load_address>
         <run_address>0x11818e80</run_address>
         <size>0xc0</size>
         <input_file_ref idref="fl-17"/>
      </object_component>
      <object_component id="oc-df">
         <name>.text:_HOSTunlink</name>
         <load_address>0x11818f40</load_address>
         <run_address>0x11818f40</run_address>
         <size>0xc0</size>
         <input_file_ref idref="fl-17"/>
      </object_component>
      <object_component id="oc-dd">
         <name>.text:_HOSTwrite</name>
         <load_address>0x11819000</load_address>
         <run_address>0x11819000</run_address>
         <size>0xc0</size>
         <input_file_ref idref="fl-17"/>
      </object_component>
      <object_component id="oc-d5">
         <name>.text:__auto_init</name>
         <load_address>0x118190c0</load_address>
         <run_address>0x118190c0</run_address>
         <size>0xc0</size>
         <input_file_ref idref="fl-1f"/>
      </object_component>
      <object_component id="oc-12c">
         <name>.text:__div</name>
         <load_address>0x11819180</load_address>
         <run_address>0x11819180</run_address>
         <size>0xc0</size>
         <input_file_ref idref="fl-1c"/>
      </object_component>
      <object_component id="oc-d8">
         <name>.text:__divu</name>
         <load_address>0x11819240</load_address>
         <run_address>0x11819240</run_address>
         <size>0xc0</size>
         <input_file_ref idref="fl-a"/>
      </object_component>
      <object_component id="oc-106">
         <name>.text:__doflush</name>
         <load_address>0x11819300</load_address>
         <run_address>0x11819300</run_address>
         <size>0xc0</size>
         <input_file_ref idref="fl-d"/>
      </object_component>
      <object_component id="oc-101">
         <name>.text:__rd_ok</name>
         <load_address>0x118193c0</load_address>
         <run_address>0x118193c0</run_address>
         <size>0xc0</size>
         <input_file_ref idref="fl-1a"/>
      </object_component>
      <object_component id="oc-d7">
         <name>.text:_exit</name>
         <load_address>0x11819480</load_address>
         <run_address>0x11819480</run_address>
         <size>0xc0</size>
         <input_file_ref idref="fl-b"/>
      </object_component>
      <object_component id="oc-12e">
         <name>.text:_ltoa</name>
         <load_address>0x11819540</load_address>
         <run_address>0x11819540</run_address>
         <size>0xc0</size>
         <input_file_ref idref="fl-30"/>
      </object_component>
      <object_component id="oc-db">
         <name>.text:_HOSTclose</name>
         <load_address>0x11819600</load_address>
         <run_address>0x11819600</run_address>
         <size>0xa0</size>
         <input_file_ref idref="fl-17"/>
      </object_component>
      <object_component id="oc-10d">
         <name>.text:__cleanup</name>
         <load_address>0x118196a0</load_address>
         <run_address>0x118196a0</run_address>
         <size>0xa0</size>
         <input_file_ref idref="fl-e"/>
      </object_component>
      <object_component id="oc-135">
         <name>.text:__divli</name>
         <load_address>0x11819740</load_address>
         <run_address>0x11819740</run_address>
         <size>0xa0</size>
         <input_file_ref idref="fl-2c"/>
      </object_component>
      <object_component id="oc-127">
         <name>.text:__ecpy</name>
         <load_address>0x118197e0</load_address>
         <run_address>0x118197e0</run_address>
         <size>0xa0</size>
         <input_file_ref idref="fl-1c"/>
      </object_component>
      <object_component id="oc-12a">
         <name>.text:__fcpy</name>
         <load_address>0x11819880</load_address>
         <run_address>0x11819880</run_address>
         <size>0xa0</size>
         <input_file_ref idref="fl-1c"/>
      </object_component>
      <object_component id="oc-12d">
         <name>.text:__fixdli</name>
         <load_address>0x11819920</load_address>
         <run_address>0x11819920</run_address>
         <size>0xa0</size>
         <input_file_ref idref="fl-26"/>
      </object_component>
      <object_component id="oc-120">
         <name>.text:__pconv_f</name>
         <load_address>0x118199c0</load_address>
         <run_address>0x118199c0</run_address>
         <size>0xa0</size>
         <input_file_ref idref="fl-1c"/>
      </object_component>
      <object_component id="oc-e2">
         <name>.text:_copy_in</name>
         <load_address>0x11819a60</load_address>
         <run_address>0x11819a60</run_address>
         <size>0xa0</size>
         <input_file_ref idref="fl-21"/>
      </object_component>
      <object_component id="oc-125">
         <name>.text:_finddevice</name>
         <load_address>0x11819b00</load_address>
         <run_address>0x11819b00</run_address>
         <size>0xa0</size>
         <input_file_ref idref="fl-10"/>
      </object_component>
      <object_component id="oc-11b">
         <name>.text:_lseek</name>
         <load_address>0x11819ba0</load_address>
         <run_address>0x11819ba0</run_address>
         <size>0xa0</size>
         <input_file_ref idref="fl-10"/>
      </object_component>
      <object_component id="oc-e3">
         <name>.text:_memcpy</name>
         <load_address>0x11819c40</load_address>
         <run_address>0x11819c40</run_address>
         <size>0xa0</size>
         <input_file_ref idref="fl-11"/>
      </object_component>
      <object_component id="oc-f7">
         <name>.text:_minsert</name>
         <load_address>0x11819ce0</load_address>
         <run_address>0x11819ce0</run_address>
         <size>0xa0</size>
         <input_file_ref idref="fl-12"/>
      </object_component>
      <object_component id="oc-f6">
         <name>.text:_mremove</name>
         <load_address>0x11819d80</load_address>
         <run_address>0x11819d80</run_address>
         <size>0xa0</size>
         <input_file_ref idref="fl-12"/>
      </object_component>
      <object_component id="oc-103">
         <name>.text:_read</name>
         <load_address>0x11819e20</load_address>
         <run_address>0x11819e20</run_address>
         <size>0xa0</size>
         <input_file_ref idref="fl-10"/>
      </object_component>
      <object_component id="oc-107">
         <name>.text:_write</name>
         <load_address>0x11819ec0</load_address>
         <run_address>0x11819ec0</run_address>
         <size>0xa0</size>
         <input_file_ref idref="fl-10"/>
      </object_component>
      <object_component id="oc-12f">
         <name>.text:__fltlid</name>
         <load_address>0x11819f60</load_address>
         <run_address>0x11819f60</run_address>
         <size>0x80</size>
         <input_file_ref idref="fl-27"/>
      </object_component>
      <object_component id="oc-136">
         <name>.text:__llshl</name>
         <load_address>0x11819fe0</load_address>
         <run_address>0x11819fe0</run_address>
         <size>0x80</size>
         <input_file_ref idref="fl-2f"/>
      </object_component>
      <object_component id="oc-e">
         <name>.text:_c_int00</name>
         <load_address>0x1181a060</load_address>
         <run_address>0x1181a060</run_address>
         <size>0x80</size>
         <input_file_ref idref="fl-9"/>
      </object_component>
      <object_component id="oc-ed">
         <name>.text:_readmsg</name>
         <load_address>0x1181a0e0</load_address>
         <run_address>0x1181a0e0</run_address>
         <size>0x80</size>
         <input_file_ref idref="fl-18"/>
      </object_component>
      <object_component id="oc-11a">
         <name>.text:_unlink</name>
         <load_address>0x1181a160</load_address>
         <run_address>0x1181a160</run_address>
         <size>0x80</size>
         <input_file_ref idref="fl-10"/>
      </object_component>
      <object_component id="oc-e4">
         <name>.text:___TI_cpp_init</name>
         <load_address>0x1181a1e0</load_address>
         <run_address>0x1181a1e0</run_address>
         <size>0x60</size>
         <input_file_ref idref="fl-20"/>
      </object_component>
      <object_component id="oc-137">
         <name>.text:__subcull</name>
         <load_address>0x1181a240</load_address>
         <run_address>0x1181a240</run_address>
         <size>0x60</size>
         <input_file_ref idref="fl-2d"/>
      </object_component>
      <object_component id="oc-f2">
         <name>.text:_fclose</name>
         <load_address>0x1181a2a0</load_address>
         <run_address>0x1181a2a0</run_address>
         <size>0x60</size>
         <input_file_ref idref="fl-c"/>
      </object_component>
      <object_component id="oc-f0">
         <name>.text:_fopen</name>
         <load_address>0x1181a300</load_address>
         <run_address>0x1181a300</run_address>
         <size>0x60</size>
         <input_file_ref idref="fl-e"/>
      </object_component>
      <object_component id="oc-117">
         <name>.text:_memccpy</name>
         <load_address>0x1181a360</load_address>
         <run_address>0x1181a360</run_address>
         <size>0x60</size>
         <input_file_ref idref="fl-31"/>
      </object_component>
      <object_component id="oc-118">
         <name>.text:_tabinit</name>
         <load_address>0x1181a3c0</load_address>
         <run_address>0x1181a3c0</run_address>
         <size>0x60</size>
         <input_file_ref idref="fl-10"/>
      </object_component>
      <object_component id="oc-ec">
         <name>.text:_writemsg</name>
         <load_address>0x1181a420</load_address>
         <run_address>0x1181a420</run_address>
         <size>0x60</size>
         <input_file_ref idref="fl-18"/>
      </object_component>
      <object_component id="oc-11e">
         <name>.text:___isinf</name>
         <load_address>0x1181a480</load_address>
         <run_address>0x1181a480</run_address>
         <size>0x40</size>
         <input_file_ref idref="fl-2e"/>
      </object_component>
      <object_component id="oc-11d">
         <name>.text:___isnan</name>
         <load_address>0x1181a4c0</load_address>
         <run_address>0x1181a4c0</run_address>
         <size>0x40</size>
         <input_file_ref idref="fl-1c"/>
      </object_component>
      <object_component id="oc-d6">
         <name>.text:__args_main</name>
         <load_address>0x1181a500</load_address>
         <run_address>0x1181a500</run_address>
         <size>0x40</size>
         <input_file_ref idref="fl-1d"/>
      </object_component>
      <object_component id="oc-131">
         <name>.text:__frcmpyd_div</name>
         <load_address>0x1181a540</load_address>
         <run_address>0x1181a540</run_address>
         <size>0x40</size>
         <input_file_ref idref="fl-2a"/>
      </object_component>
      <object_component id="oc-130">
         <name>.text:__llshru</name>
         <load_address>0x1181a580</load_address>
         <run_address>0x1181a580</run_address>
         <size>0x40</size>
         <input_file_ref idref="fl-2f"/>
      </object_component>
      <object_component id="oc-134">
         <name>.text:__remli</name>
         <load_address>0x1181a5c0</load_address>
         <run_address>0x1181a5c0</run_address>
         <size>0x40</size>
         <input_file_ref idref="fl-2c"/>
      </object_component>
      <object_component id="oc-123">
         <name>.text:__negll</name>
         <load_address>0x1181a600</load_address>
         <run_address>0x1181a600</run_address>
         <size>0x20</size>
         <input_file_ref idref="fl-32"/>
      </object_component>
      <object_component id="oc-e1">
         <name>.text:__nop</name>
         <load_address>0x1181a620</load_address>
         <run_address>0x1181a620</run_address>
         <size>0x20</size>
         <input_file_ref idref="fl-1b"/>
      </object_component>
      <object_component id="oc-fe">
         <name>.text:__outc</name>
         <load_address>0x1181a640</load_address>
         <run_address>0x1181a640</run_address>
         <size>0x20</size>
         <input_file_ref idref="fl-15"/>
      </object_component>
      <object_component id="oc-fc">
         <name>.text:__outs</name>
         <load_address>0x1181a660</load_address>
         <run_address>0x1181a660</run_address>
         <size>0x20</size>
         <input_file_ref idref="fl-15"/>
      </object_component>
      <object_component id="oc-e6">
         <name>.text:_abort</name>
         <load_address>0x1181a680</load_address>
         <run_address>0x1181a680</run_address>
         <size>0x20</size>
         <input_file_ref idref="fl-b"/>
      </object_component>
      <object_component id="oc-112">
         <name>.text:_remove</name>
         <load_address>0x1181a6a0</load_address>
         <run_address>0x1181a6a0</run_address>
         <size>0x20</size>
         <input_file_ref idref="fl-16"/>
      </object_component>
      <object_component id="oc-f">
         <name>.text</name>
         <load_address>0x1181a6c0</load_address>
         <run_address>0x1181a6c0</run_address>
         <size>0x20</size>
         <input_file_ref idref="fl-2"/>
      </object_component>
      <object_component id="oc-1a">
         <name>.const:.string</name>
         <load_address>0x1181c198</load_address>
         <run_address>0x1181c198</run_address>
         <size>0x230</size>
         <input_file_ref idref="fl-3"/>
      </object_component>
      <object_component id="oc-11c">
         <name>.const:.string:__ctypes_</name>
         <load_address>0x1181c3c8</load_address>
         <run_address>0x1181c3c8</run_address>
         <size>0x101</size>
         <input_file_ref idref="fl-22"/>
      </object_component>
      <object_component id="oc-97">
         <name>.const:.string</name>
         <load_address>0x1181c4c9</load_address>
         <run_address>0x1181c4c9</run_address>
         <size>0x2</size>
         <input_file_ref idref="fl-29"/>
      </object_component>
      <object_component id="oc-f5">
         <name>.const:_bitval_u32</name>
         <load_address>0x1181c4d0</load_address>
         <run_address>0x1181c4d0</run_address>
         <size>0x80</size>
         <input_file_ref idref="fl-38"/>
      </object_component>
      <object_component id="oc-51">
         <name>.const:.string</name>
         <load_address>0x1181c550</load_address>
         <run_address>0x1181c550</run_address>
         <size>0x64</size>
         <input_file_ref idref="fl-14"/>
      </object_component>
      <object_component id="oc-c8">
         <name>.const:.string</name>
         <load_address>0x1181c5b4</load_address>
         <run_address>0x1181c5b4</run_address>
         <size>0x40</size>
         <input_file_ref idref="fl-38"/>
      </object_component>
      <object_component id="oc-6e">
         <name>.const:.string</name>
         <load_address>0x1181c5f4</load_address>
         <run_address>0x1181c5f4</run_address>
         <size>0x23</size>
         <input_file_ref idref="fl-1c"/>
      </object_component>
      <object_component id="oc-14">
         <name>.bss</name>
         <uninitialized>true</uninitialized>
         <run_address>0x1181cb20</run_address>
         <size>0x34</size>
         <input_file_ref idref="fl-3"/>
      </object_component>
      <object_component id="oc-1e">
         <name>.bss</name>
         <uninitialized>true</uninitialized>
         <run_address>0x1181cb54</run_address>
         <size>0x1c</size>
         <input_file_ref idref="fl-4"/>
      </object_component>
      <object_component id="oc-d0">
         <name>.bss</name>
         <uninitialized>true</uninitialized>
         <run_address>0x1181cb70</run_address>
         <size>0x4</size>
         <input_file_ref idref="fl-3a"/>
      </object_component>
      <object_component id="oc-17">
         <name>.far</name>
         <uninitialized>true</uninitialized>
         <run_address>0x1181a6e0</run_address>
         <size>0xe40</size>
         <input_file_ref idref="fl-3"/>
      </object_component>
      <object_component id="oc-21">
         <name>.far</name>
         <uninitialized>true</uninitialized>
         <run_address>0x1181b970</run_address>
         <size>0x8</size>
         <input_file_ref idref="fl-4"/>
      </object_component>
      <object_component id="oc-2e">
         <name>.far</name>
         <uninitialized>true</uninitialized>
         <run_address>0x1181b964</run_address>
         <size>0xc</size>
         <input_file_ref idref="fl-b"/>
      </object_component>
      <object_component id="oc-39">
         <name>.far</name>
         <uninitialized>true</uninitialized>
         <run_address>0x1181b990</run_address>
         <size>0x4</size>
         <input_file_ref idref="fl-e"/>
      </object_component>
      <object_component id="oc-41">
         <name>.far</name>
         <uninitialized>true</uninitialized>
         <run_address>0x1181b848</run_address>
         <size>0x11c</size>
         <input_file_ref idref="fl-10"/>
      </object_component>
      <object_component id="oc-49">
         <name>.far</name>
         <uninitialized>true</uninitialized>
         <run_address>0x1181b980</run_address>
         <size>0x8</size>
         <input_file_ref idref="fl-12"/>
      </object_component>
      <object_component id="oc-5b">
         <name>.far</name>
         <uninitialized>true</uninitialized>
         <run_address>0x1181b988</run_address>
         <size>0x8</size>
         <input_file_ref idref="fl-17"/>
      </object_component>
      <object_component id="oc-6a">
         <name>.far</name>
         <uninitialized>true</uninitialized>
         <run_address>0x1181b978</run_address>
         <size>0x8</size>
         <input_file_ref idref="fl-1b"/>
      </object_component>
      <object_component id="oc-84">
         <name>.far</name>
         <uninitialized>true</uninitialized>
         <run_address>0x1181b520</run_address>
         <size>0x324</size>
         <input_file_ref idref="fl-23"/>
      </object_component>
      <object_component id="oc-8b">
         <name>.far</name>
         <uninitialized>true</uninitialized>
         <run_address>0x1181b844</run_address>
         <size>0x4</size>
         <input_file_ref idref="fl-25"/>
      </object_component>
      <object_component id="oc-f4">
         <name>.switch:_getRegisterBankAndBit</name>
         <load_address>0x1181cb74</load_address>
         <run_address>0x1181cb74</run_address>
         <size>0x24</size>
         <input_file_ref idref="fl-36"/>
      </object_component>
      <object_component id="oc-fa">
         <name>.switch:_perror</name>
         <load_address>0x1181cb98</load_address>
         <run_address>0x1181cb98</run_address>
         <size>0x18</size>
         <input_file_ref idref="fl-14"/>
      </object_component>
      <object_component id="oc-26">
         <name>.stack</name>
         <uninitialized>true</uninitialized>
         <run_address>0x1181b998</run_address>
         <size>0x8</size>
         <input_file_ref idref="fl-9"/>
      </object_component>
      <object_component id="oc-14d">
         <name>.stack</name>
         <uninitialized>true</uninitialized>
         <run_address>0x1181b998</run_address>
         <size>0x0</size>
      </object_component>
      <object_component id="oc-83">
         <name>.cinit</name>
         <load_address>0x1181c618</load_address>
         <run_address>0x1181c618</run_address>
         <size>0x5c</size>
         <input_file_ref idref="fl-23"/>
      </object_component>
      <object_component id="oc-40">
         <name>.cinit</name>
         <load_address>0x1181c678</load_address>
         <run_address>0x1181c678</run_address>
         <size>0x5c</size>
         <input_file_ref idref="fl-10"/>
      </object_component>
      <object_component id="oc-16">
         <name>.cinit</name>
         <load_address>0x1181c6d8</load_address>
         <run_address>0x1181c6d8</run_address>
         <size>0x3c</size>
         <input_file_ref idref="fl-3"/>
      </object_component>
      <object_component id="oc-20">
         <name>.cinit</name>
         <load_address>0x1181c718</load_address>
         <run_address>0x1181c718</run_address>
         <size>0x2c</size>
         <input_file_ref idref="fl-4"/>
      </object_component>
      <object_component id="oc-2d">
         <name>.cinit</name>
         <load_address>0x1181c748</load_address>
         <run_address>0x1181c748</run_address>
         <size>0x2c</size>
         <input_file_ref idref="fl-b"/>
      </object_component>
      <object_component id="oc-48">
         <name>.cinit</name>
         <load_address>0x1181c778</load_address>
         <run_address>0x1181c778</run_address>
         <size>0x2c</size>
         <input_file_ref idref="fl-12"/>
      </object_component>
      <object_component id="oc-69">
         <name>.cinit</name>
         <load_address>0x1181c7a8</load_address>
         <run_address>0x1181c7a8</run_address>
         <size>0x1c</size>
         <input_file_ref idref="fl-1b"/>
      </object_component>
      <object_component id="oc-8a">
         <name>.cinit</name>
         <load_address>0x1181c7c8</load_address>
         <run_address>0x1181c7c8</run_address>
         <size>0xc</size>
         <input_file_ref idref="fl-25"/>
      </object_component>
      <object_component id="oc-38">
         <name>.cinit</name>
         <load_address>0x1181c7d8</load_address>
         <run_address>0x1181c7d8</run_address>
         <size>0xc</size>
         <input_file_ref idref="fl-e"/>
      </object_component>
      <object_component id="oc-4a">
         <name>.sysmem</name>
         <uninitialized>true</uninitialized>
         <run_address>0x11800000</run_address>
         <size>0x8</size>
         <input_file_ref idref="fl-12"/>
      </object_component>
      <object_component id="oc-14e">
         <name>.sysmem</name>
         <uninitialized>true</uninitialized>
         <run_address>0x11800000</run_address>
         <size>0x0</size>
      </object_component>
      <object_component id="oc-5f">
         <name>.cio</name>
         <uninitialized>true</uninitialized>
         <run_address>0x1181ca00</run_address>
         <size>0x120</size>
         <input_file_ref idref="fl-18"/>
      </object_component>
      <object_component id="oc-10">
         <name>.vecs</name>
         <load_address>0x1181c800</load_address>
         <run_address>0x1181c800</run_address>
         <size>0x200</size>
         <input_file_ref idref="fl-2"/>
      </object_component>
      <object_component id="oc-18">
         <name>.EXT_RAM</name>
         <uninitialized>true</uninitialized>
         <run_address>0xc0000000</run_address>
         <size>0xe00000</size>
         <input_file_ref idref="fl-3"/>
      </object_component>
      <object_component id="oc-11">
         <name>.debug_info</name>
         <load_address>0x0</load_address>
         <run_address>0x0</run_address>
         <size>0xf8</size>
         <input_file_ref idref="fl-2"/>
      </object_component>
      <object_component id="oc-15">
         <name>.debug_info</name>
         <load_address>0xf8</load_address>
         <run_address>0xf8</run_address>
         <size>0x153a</size>
         <input_file_ref idref="fl-3"/>
      </object_component>
      <object_component id="oc-1f">
         <name>.debug_info</name>
         <load_address>0x1632</load_address>
         <run_address>0x1632</run_address>
         <size>0x3de6</size>
         <input_file_ref idref="fl-4"/>
      </object_component>
      <object_component id="oc-25">
         <name>.debug_info</name>
         <load_address>0x5418</load_address>
         <run_address>0x5418</run_address>
         <size>0x6f2</size>
         <input_file_ref idref="fl-9"/>
      </object_component>
      <object_component id="oc-29">
         <name>.debug_info</name>
         <load_address>0x5b0a</load_address>
         <run_address>0x5b0a</run_address>
         <size>0xbd</size>
         <input_file_ref idref="fl-a"/>
      </object_component>
      <object_component id="oc-2c">
         <name>.debug_info</name>
         <load_address>0x5bc7</load_address>
         <run_address>0x5bc7</run_address>
         <size>0x7bf</size>
         <input_file_ref idref="fl-b"/>
      </object_component>
      <object_component id="oc-31">
         <name>.debug_info</name>
         <load_address>0x6386</load_address>
         <run_address>0x6386</run_address>
         <size>0x867</size>
         <input_file_ref idref="fl-c"/>
      </object_component>
      <object_component id="oc-34">
         <name>.debug_info</name>
         <load_address>0x6bed</load_address>
         <run_address>0x6bed</run_address>
         <size>0x768</size>
         <input_file_ref idref="fl-d"/>
      </object_component>
      <object_component id="oc-37">
         <name>.debug_info</name>
         <load_address>0x7355</load_address>
         <run_address>0x7355</run_address>
         <size>0xa92</size>
         <input_file_ref idref="fl-e"/>
      </object_component>
      <object_component id="oc-3c">
         <name>.debug_info</name>
         <load_address>0x7de7</load_address>
         <run_address>0x7de7</run_address>
         <size>0x92e</size>
         <input_file_ref idref="fl-f"/>
      </object_component>
      <object_component id="oc-3f">
         <name>.debug_info</name>
         <load_address>0x8715</load_address>
         <run_address>0x8715</run_address>
         <size>0x10c4</size>
         <input_file_ref idref="fl-10"/>
      </object_component>
      <object_component id="oc-44">
         <name>.debug_info</name>
         <load_address>0x97d9</load_address>
         <run_address>0x97d9</run_address>
         <size>0xcc</size>
         <input_file_ref idref="fl-11"/>
      </object_component>
      <object_component id="oc-47">
         <name>.debug_info</name>
         <load_address>0x98a5</load_address>
         <run_address>0x98a5</run_address>
         <size>0xabf</size>
         <input_file_ref idref="fl-12"/>
      </object_component>
      <object_component id="oc-4d">
         <name>.debug_info</name>
         <load_address>0xa364</load_address>
         <run_address>0xa364</run_address>
         <size>0x79d</size>
         <input_file_ref idref="fl-13"/>
      </object_component>
      <object_component id="oc-50">
         <name>.debug_info</name>
         <load_address>0xab01</load_address>
         <run_address>0xab01</run_address>
         <size>0x774</size>
         <input_file_ref idref="fl-14"/>
      </object_component>
      <object_component id="oc-54">
         <name>.debug_info</name>
         <load_address>0xb275</load_address>
         <run_address>0xb275</run_address>
         <size>0x8e9</size>
         <input_file_ref idref="fl-15"/>
      </object_component>
      <object_component id="oc-57">
         <name>.debug_info</name>
         <load_address>0xbb5e</load_address>
         <run_address>0xbb5e</run_address>
         <size>0x64b</size>
         <input_file_ref idref="fl-16"/>
      </object_component>
      <object_component id="oc-5a">
         <name>.debug_info</name>
         <load_address>0xc1a9</load_address>
         <run_address>0xc1a9</run_address>
         <size>0xdc3</size>
         <input_file_ref idref="fl-17"/>
      </object_component>
      <object_component id="oc-5e">
         <name>.debug_info</name>
         <load_address>0xcf6c</load_address>
         <run_address>0xcf6c</run_address>
         <size>0x850</size>
         <input_file_ref idref="fl-18"/>
      </object_component>
      <object_component id="oc-62">
         <name>.debug_info</name>
         <load_address>0xd7bc</load_address>
         <run_address>0xd7bc</run_address>
         <size>0x7cd</size>
         <input_file_ref idref="fl-19"/>
      </object_component>
      <object_component id="oc-65">
         <name>.debug_info</name>
         <load_address>0xdf89</load_address>
         <run_address>0xdf89</run_address>
         <size>0x7b4</size>
         <input_file_ref idref="fl-1a"/>
      </object_component>
      <object_component id="oc-68">
         <name>.debug_info</name>
         <load_address>0xe73d</load_address>
         <run_address>0xe73d</run_address>
         <size>0x633</size>
         <input_file_ref idref="fl-1b"/>
      </object_component>
      <object_component id="oc-6d">
         <name>.debug_info</name>
         <load_address>0xed70</load_address>
         <run_address>0xed70</run_address>
         <size>0x2674</size>
         <input_file_ref idref="fl-1c"/>
      </object_component>
      <object_component id="oc-71">
         <name>.debug_info</name>
         <load_address>0x113e4</load_address>
         <run_address>0x113e4</run_address>
         <size>0x6c8</size>
         <input_file_ref idref="fl-1d"/>
      </object_component>
      <object_component id="oc-74">
         <name>.debug_info</name>
         <load_address>0x11aac</load_address>
         <run_address>0x11aac</run_address>
         <size>0x6d5</size>
         <input_file_ref idref="fl-1e"/>
      </object_component>
      <object_component id="oc-77">
         <name>.debug_info</name>
         <load_address>0x12181</load_address>
         <run_address>0x12181</run_address>
         <size>0x83e</size>
         <input_file_ref idref="fl-1f"/>
      </object_component>
      <object_component id="oc-7a">
         <name>.debug_info</name>
         <load_address>0x129bf</load_address>
         <run_address>0x129bf</run_address>
         <size>0x6b6</size>
         <input_file_ref idref="fl-20"/>
      </object_component>
      <object_component id="oc-7d">
         <name>.debug_info</name>
         <load_address>0x13075</load_address>
         <run_address>0x13075</run_address>
         <size>0x7ac</size>
         <input_file_ref idref="fl-21"/>
      </object_component>
      <object_component id="oc-80">
         <name>.debug_info</name>
         <load_address>0x13821</load_address>
         <run_address>0x13821</run_address>
         <size>0x5e1</size>
         <input_file_ref idref="fl-22"/>
      </object_component>
      <object_component id="oc-82">
         <name>.debug_info</name>
         <load_address>0x13e02</load_address>
         <run_address>0x13e02</run_address>
         <size>0x6ce</size>
         <input_file_ref idref="fl-23"/>
      </object_component>
      <object_component id="oc-86">
         <name>.debug_info</name>
         <load_address>0x144d0</load_address>
         <run_address>0x144d0</run_address>
         <size>0x96a</size>
         <input_file_ref idref="fl-24"/>
      </object_component>
      <object_component id="oc-89">
         <name>.debug_info</name>
         <load_address>0x14e3a</load_address>
         <run_address>0x14e3a</run_address>
         <size>0x5c9</size>
         <input_file_ref idref="fl-25"/>
      </object_component>
      <object_component id="oc-8d">
         <name>.debug_info</name>
         <load_address>0x15403</load_address>
         <run_address>0x15403</run_address>
         <size>0x67e</size>
         <input_file_ref idref="fl-26"/>
      </object_component>
      <object_component id="oc-90">
         <name>.debug_info</name>
         <load_address>0x15a81</load_address>
         <run_address>0x15a81</run_address>
         <size>0x697</size>
         <input_file_ref idref="fl-27"/>
      </object_component>
      <object_component id="oc-93">
         <name>.debug_info</name>
         <load_address>0x16118</load_address>
         <run_address>0x16118</run_address>
         <size>0x811</size>
         <input_file_ref idref="fl-28"/>
      </object_component>
      <object_component id="oc-96">
         <name>.debug_info</name>
         <load_address>0x16929</load_address>
         <run_address>0x16929</run_address>
         <size>0xa9d</size>
         <input_file_ref idref="fl-29"/>
      </object_component>
      <object_component id="oc-9a">
         <name>.debug_info</name>
         <load_address>0x173c6</load_address>
         <run_address>0x173c6</run_address>
         <size>0x653</size>
         <input_file_ref idref="fl-2a"/>
      </object_component>
      <object_component id="oc-9d">
         <name>.debug_info</name>
         <load_address>0x17a19</load_address>
         <run_address>0x17a19</run_address>
         <size>0x7a0</size>
         <input_file_ref idref="fl-2b"/>
      </object_component>
      <object_component id="oc-a0">
         <name>.debug_info</name>
         <load_address>0x181b9</load_address>
         <run_address>0x181b9</run_address>
         <size>0x78a</size>
         <input_file_ref idref="fl-2c"/>
      </object_component>
      <object_component id="oc-a3">
         <name>.debug_info</name>
         <load_address>0x18943</load_address>
         <run_address>0x18943</run_address>
         <size>0x785</size>
         <input_file_ref idref="fl-2d"/>
      </object_component>
      <object_component id="oc-a6">
         <name>.debug_info</name>
         <load_address>0x190c8</load_address>
         <run_address>0x190c8</run_address>
         <size>0x7fd</size>
         <input_file_ref idref="fl-2e"/>
      </object_component>
      <object_component id="oc-a9">
         <name>.debug_info</name>
         <load_address>0x198c5</load_address>
         <run_address>0x198c5</run_address>
         <size>0x6e8</size>
         <input_file_ref idref="fl-2f"/>
      </object_component>
      <object_component id="oc-ac">
         <name>.debug_info</name>
         <load_address>0x19fad</load_address>
         <run_address>0x19fad</run_address>
         <size>0x716</size>
         <input_file_ref idref="fl-30"/>
      </object_component>
      <object_component id="oc-af">
         <name>.debug_info</name>
         <load_address>0x1a6c3</load_address>
         <run_address>0x1a6c3</run_address>
         <size>0x6b9</size>
         <input_file_ref idref="fl-31"/>
      </object_component>
      <object_component id="oc-b2">
         <name>.debug_info</name>
         <load_address>0x1ad7c</load_address>
         <run_address>0x1ad7c</run_address>
         <size>0x5ff</size>
         <input_file_ref idref="fl-32"/>
      </object_component>
      <object_component id="oc-b5">
         <name>.debug_info</name>
         <load_address>0x1b37b</load_address>
         <run_address>0x1b37b</run_address>
         <size>0x7f3</size>
         <input_file_ref idref="fl-33"/>
      </object_component>
      <object_component id="oc-b8">
         <name>.debug_info</name>
         <load_address>0x1bb6e</load_address>
         <run_address>0x1bb6e</run_address>
         <size>0x5b3</size>
         <input_file_ref idref="fl-34"/>
      </object_component>
      <object_component id="oc-bb">
         <name>.debug_info</name>
         <load_address>0x1c121</load_address>
         <run_address>0x1c121</run_address>
         <size>0xb66</size>
         <input_file_ref idref="fl-35"/>
      </object_component>
      <object_component id="oc-bf">
         <name>.debug_info</name>
         <load_address>0x1cc87</load_address>
         <run_address>0x1cc87</run_address>
         <size>0x103b</size>
         <input_file_ref idref="fl-36"/>
      </object_component>
      <object_component id="oc-c3">
         <name>.debug_info</name>
         <load_address>0x1dcc2</load_address>
         <run_address>0x1dcc2</run_address>
         <size>0xf0d</size>
         <input_file_ref idref="fl-37"/>
      </object_component>
      <object_component id="oc-c7">
         <name>.debug_info</name>
         <load_address>0x1ebcf</load_address>
         <run_address>0x1ebcf</run_address>
         <size>0x27ab</size>
         <input_file_ref idref="fl-38"/>
      </object_component>
      <object_component id="oc-cc">
         <name>.debug_info</name>
         <load_address>0x2137a</load_address>
         <run_address>0x2137a</run_address>
         <size>0xf63</size>
         <input_file_ref idref="fl-39"/>
      </object_component>
      <object_component id="oc-d1">
         <name>.debug_info</name>
         <load_address>0x222dd</load_address>
         <run_address>0x222dd</run_address>
         <size>0x1400</size>
         <input_file_ref idref="fl-3a"/>
      </object_component>
      <object_component id="oc-14f">
         <name>.debug_info</name>
         <load_address>0x236dd</load_address>
         <run_address>0x236dd</run_address>
         <size>0x6d</size>
      </object_component>
      <object_component id="oc-12">
         <name>.debug_line</name>
         <load_address>0x0</load_address>
         <run_address>0x0</run_address>
         <size>0xcd</size>
         <input_file_ref idref="fl-2"/>
      </object_component>
      <object_component id="oc-1c">
         <name>.debug_line</name>
         <load_address>0xcd</load_address>
         <run_address>0xcd</run_address>
         <size>0x279</size>
         <input_file_ref idref="fl-3"/>
      </object_component>
      <object_component id="oc-23">
         <name>.debug_line</name>
         <load_address>0x346</load_address>
         <run_address>0x346</run_address>
         <size>0x65d</size>
         <input_file_ref idref="fl-4"/>
      </object_component>
      <object_component id="oc-27">
         <name>.debug_line</name>
         <load_address>0x9a3</load_address>
         <run_address>0x9a3</run_address>
         <size>0x3d</size>
         <input_file_ref idref="fl-9"/>
      </object_component>
      <object_component id="oc-2a">
         <name>.debug_line</name>
         <load_address>0x9e0</load_address>
         <run_address>0x9e0</run_address>
         <size>0x44</size>
         <input_file_ref idref="fl-a"/>
      </object_component>
      <object_component id="oc-2f">
         <name>.debug_line</name>
         <load_address>0xa24</load_address>
         <run_address>0xa24</run_address>
         <size>0x4f</size>
         <input_file_ref idref="fl-b"/>
      </object_component>
      <object_component id="oc-32">
         <name>.debug_line</name>
         <load_address>0xa73</load_address>
         <run_address>0xa73</run_address>
         <size>0x53</size>
         <input_file_ref idref="fl-c"/>
      </object_component>
      <object_component id="oc-35">
         <name>.debug_line</name>
         <load_address>0xac6</load_address>
         <run_address>0xac6</run_address>
         <size>0x3e</size>
         <input_file_ref idref="fl-d"/>
      </object_component>
      <object_component id="oc-3a">
         <name>.debug_line</name>
         <load_address>0xb04</load_address>
         <run_address>0xb04</run_address>
         <size>0x92</size>
         <input_file_ref idref="fl-e"/>
      </object_component>
      <object_component id="oc-3d">
         <name>.debug_line</name>
         <load_address>0xb96</load_address>
         <run_address>0xb96</run_address>
         <size>0x4e</size>
         <input_file_ref idref="fl-f"/>
      </object_component>
      <object_component id="oc-42">
         <name>.debug_line</name>
         <load_address>0xbe4</load_address>
         <run_address>0xbe4</run_address>
         <size>0x146</size>
         <input_file_ref idref="fl-10"/>
      </object_component>
      <object_component id="oc-45">
         <name>.debug_line</name>
         <load_address>0xd2a</load_address>
         <run_address>0xd2a</run_address>
         <size>0x4a</size>
         <input_file_ref idref="fl-11"/>
      </object_component>
      <object_component id="oc-4b">
         <name>.debug_line</name>
         <load_address>0xd74</load_address>
         <run_address>0xd74</run_address>
         <size>0xa7</size>
         <input_file_ref idref="fl-12"/>
      </object_component>
      <object_component id="oc-4e">
         <name>.debug_line</name>
         <load_address>0xe1b</load_address>
         <run_address>0xe1b</run_address>
         <size>0x46</size>
         <input_file_ref idref="fl-13"/>
      </object_component>
      <object_component id="oc-52">
         <name>.debug_line</name>
         <load_address>0xe61</load_address>
         <run_address>0xe61</run_address>
         <size>0x3e</size>
         <input_file_ref idref="fl-14"/>
      </object_component>
      <object_component id="oc-55">
         <name>.debug_line</name>
         <load_address>0xe9f</load_address>
         <run_address>0xe9f</run_address>
         <size>0x6a</size>
         <input_file_ref idref="fl-15"/>
      </object_component>
      <object_component id="oc-58">
         <name>.debug_line</name>
         <load_address>0xf09</load_address>
         <run_address>0xf09</run_address>
         <size>0x39</size>
         <input_file_ref idref="fl-16"/>
      </object_component>
      <object_component id="oc-5c">
         <name>.debug_line</name>
         <load_address>0xf42</load_address>
         <run_address>0xf42</run_address>
         <size>0x126</size>
         <input_file_ref idref="fl-17"/>
      </object_component>
      <object_component id="oc-60">
         <name>.debug_line</name>
         <load_address>0x1068</load_address>
         <run_address>0x1068</run_address>
         <size>0x66</size>
         <input_file_ref idref="fl-18"/>
      </object_component>
      <object_component id="oc-63">
         <name>.debug_line</name>
         <load_address>0x10ce</load_address>
         <run_address>0x10ce</run_address>
         <size>0x4a</size>
         <input_file_ref idref="fl-19"/>
      </object_component>
      <object_component id="oc-66">
         <name>.debug_line</name>
         <load_address>0x1118</load_address>
         <run_address>0x1118</run_address>
         <size>0x57</size>
         <input_file_ref idref="fl-1a"/>
      </object_component>
      <object_component id="oc-6b">
         <name>.debug_line</name>
         <load_address>0x116f</load_address>
         <run_address>0x116f</run_address>
         <size>0x35</size>
         <input_file_ref idref="fl-1b"/>
      </object_component>
      <object_component id="oc-6f">
         <name>.debug_line</name>
         <load_address>0x11a4</load_address>
         <run_address>0x11a4</run_address>
         <size>0x31a</size>
         <input_file_ref idref="fl-1c"/>
      </object_component>
      <object_component id="oc-72">
         <name>.debug_line</name>
         <load_address>0x14be</load_address>
         <run_address>0x14be</run_address>
         <size>0x3f</size>
         <input_file_ref idref="fl-1d"/>
      </object_component>
      <object_component id="oc-75">
         <name>.debug_line</name>
         <load_address>0x14fd</load_address>
         <run_address>0x14fd</run_address>
         <size>0x45</size>
         <input_file_ref idref="fl-1e"/>
      </object_component>
      <object_component id="oc-78">
         <name>.debug_line</name>
         <load_address>0x1542</load_address>
         <run_address>0x1542</run_address>
         <size>0x49</size>
         <input_file_ref idref="fl-1f"/>
      </object_component>
      <object_component id="oc-7b">
         <name>.debug_line</name>
         <load_address>0x158b</load_address>
         <run_address>0x158b</run_address>
         <size>0x45</size>
         <input_file_ref idref="fl-20"/>
      </object_component>
      <object_component id="oc-7e">
         <name>.debug_line</name>
         <load_address>0x15d0</load_address>
         <run_address>0x15d0</run_address>
         <size>0x44</size>
         <input_file_ref idref="fl-21"/>
      </object_component>
      <object_component id="oc-87">
         <name>.debug_line</name>
         <load_address>0x1614</load_address>
         <run_address>0x1614</run_address>
         <size>0x3c</size>
         <input_file_ref idref="fl-24"/>
      </object_component>
      <object_component id="oc-8e">
         <name>.debug_line</name>
         <load_address>0x1650</load_address>
         <run_address>0x1650</run_address>
         <size>0x3d</size>
         <input_file_ref idref="fl-26"/>
      </object_component>
      <object_component id="oc-91">
         <name>.debug_line</name>
         <load_address>0x168d</load_address>
         <run_address>0x168d</run_address>
         <size>0x3d</size>
         <input_file_ref idref="fl-27"/>
      </object_component>
      <object_component id="oc-94">
         <name>.debug_line</name>
         <load_address>0x16ca</load_address>
         <run_address>0x16ca</run_address>
         <size>0x3f</size>
         <input_file_ref idref="fl-28"/>
      </object_component>
      <object_component id="oc-98">
         <name>.debug_line</name>
         <load_address>0x1709</load_address>
         <run_address>0x1709</run_address>
         <size>0x93</size>
         <input_file_ref idref="fl-29"/>
      </object_component>
      <object_component id="oc-9b">
         <name>.debug_line</name>
         <load_address>0x179c</load_address>
         <run_address>0x179c</run_address>
         <size>0x3e</size>
         <input_file_ref idref="fl-2a"/>
      </object_component>
      <object_component id="oc-9e">
         <name>.debug_line</name>
         <load_address>0x17da</load_address>
         <run_address>0x17da</run_address>
         <size>0x3c</size>
         <input_file_ref idref="fl-2b"/>
      </object_component>
      <object_component id="oc-a1">
         <name>.debug_line</name>
         <load_address>0x1816</load_address>
         <run_address>0x1816</run_address>
         <size>0x73</size>
         <input_file_ref idref="fl-2c"/>
      </object_component>
      <object_component id="oc-a4">
         <name>.debug_line</name>
         <load_address>0x1889</load_address>
         <run_address>0x1889</run_address>
         <size>0x61</size>
         <input_file_ref idref="fl-2d"/>
      </object_component>
      <object_component id="oc-a7">
         <name>.debug_line</name>
         <load_address>0x18ea</load_address>
         <run_address>0x18ea</run_address>
         <size>0x38</size>
         <input_file_ref idref="fl-2e"/>
      </object_component>
      <object_component id="oc-aa">
         <name>.debug_line</name>
         <load_address>0x1922</load_address>
         <run_address>0x1922</run_address>
         <size>0x56</size>
         <input_file_ref idref="fl-2f"/>
      </object_component>
      <object_component id="oc-ad">
         <name>.debug_line</name>
         <load_address>0x1978</load_address>
         <run_address>0x1978</run_address>
         <size>0x40</size>
         <input_file_ref idref="fl-30"/>
      </object_component>
      <object_component id="oc-b0">
         <name>.debug_line</name>
         <load_address>0x19b8</load_address>
         <run_address>0x19b8</run_address>
         <size>0x3f</size>
         <input_file_ref idref="fl-31"/>
      </object_component>
      <object_component id="oc-b3">
         <name>.debug_line</name>
         <load_address>0x19f7</load_address>
         <run_address>0x19f7</run_address>
         <size>0x39</size>
         <input_file_ref idref="fl-32"/>
      </object_component>
      <object_component id="oc-b6">
         <name>.debug_line</name>
         <load_address>0x1a30</load_address>
         <run_address>0x1a30</run_address>
         <size>0x3f</size>
         <input_file_ref idref="fl-33"/>
      </object_component>
      <object_component id="oc-b9">
         <name>.debug_line</name>
         <load_address>0x1a6f</load_address>
         <run_address>0x1a6f</run_address>
         <size>0x23</size>
         <input_file_ref idref="fl-34"/>
      </object_component>
      <object_component id="oc-bd">
         <name>.debug_line</name>
         <load_address>0x1a92</load_address>
         <run_address>0x1a92</run_address>
         <size>0xd8</size>
         <input_file_ref idref="fl-35"/>
      </object_component>
      <object_component id="oc-c1">
         <name>.debug_line</name>
         <load_address>0x1b6a</load_address>
         <run_address>0x1b6a</run_address>
         <size>0x1ba</size>
         <input_file_ref idref="fl-36"/>
      </object_component>
      <object_component id="oc-c5">
         <name>.debug_line</name>
         <load_address>0x1d24</load_address>
         <run_address>0x1d24</run_address>
         <size>0xad</size>
         <input_file_ref idref="fl-37"/>
      </object_component>
      <object_component id="oc-ca">
         <name>.debug_line</name>
         <load_address>0x1dd1</load_address>
         <run_address>0x1dd1</run_address>
         <size>0x2d8</size>
         <input_file_ref idref="fl-38"/>
      </object_component>
      <object_component id="oc-ce">
         <name>.debug_line</name>
         <load_address>0x20a9</load_address>
         <run_address>0x20a9</run_address>
         <size>0x169</size>
         <input_file_ref idref="fl-39"/>
      </object_component>
      <object_component id="oc-d3">
         <name>.debug_line</name>
         <load_address>0x2212</load_address>
         <run_address>0x2212</run_address>
         <size>0x143</size>
         <input_file_ref idref="fl-3a"/>
      </object_component>
      <object_component id="oc-13">
         <name>.debug_abbrev</name>
         <load_address>0x0</load_address>
         <run_address>0x0</run_address>
         <size>0x20</size>
         <input_file_ref idref="fl-2"/>
      </object_component>
      <object_component id="oc-1d">
         <name>.debug_abbrev</name>
         <load_address>0x20</load_address>
         <run_address>0x20</run_address>
         <size>0x1ad</size>
         <input_file_ref idref="fl-3"/>
      </object_component>
      <object_component id="oc-24">
         <name>.debug_abbrev</name>
         <load_address>0x1cd</load_address>
         <run_address>0x1cd</run_address>
         <size>0x230</size>
         <input_file_ref idref="fl-4"/>
      </object_component>
      <object_component id="oc-28">
         <name>.debug_abbrev</name>
         <load_address>0x3fd</load_address>
         <run_address>0x3fd</run_address>
         <size>0xfe</size>
         <input_file_ref idref="fl-9"/>
      </object_component>
      <object_component id="oc-2b">
         <name>.debug_abbrev</name>
         <load_address>0x4fb</load_address>
         <run_address>0x4fb</run_address>
         <size>0x3a</size>
         <input_file_ref idref="fl-a"/>
      </object_component>
      <object_component id="oc-30">
         <name>.debug_abbrev</name>
         <load_address>0x535</load_address>
         <run_address>0x535</run_address>
         <size>0x119</size>
         <input_file_ref idref="fl-b"/>
      </object_component>
      <object_component id="oc-33">
         <name>.debug_abbrev</name>
         <load_address>0x64e</load_address>
         <run_address>0x64e</run_address>
         <size>0x130</size>
         <input_file_ref idref="fl-c"/>
      </object_component>
      <object_component id="oc-36">
         <name>.debug_abbrev</name>
         <load_address>0x77e</load_address>
         <run_address>0x77e</run_address>
         <size>0x12d</size>
         <input_file_ref idref="fl-d"/>
      </object_component>
      <object_component id="oc-3b">
         <name>.debug_abbrev</name>
         <load_address>0x8ab</load_address>
         <run_address>0x8ab</run_address>
         <size>0x1cd</size>
         <input_file_ref idref="fl-e"/>
      </object_component>
      <object_component id="oc-3e">
         <name>.debug_abbrev</name>
         <load_address>0xa78</load_address>
         <run_address>0xa78</run_address>
         <size>0x12e</size>
         <input_file_ref idref="fl-f"/>
      </object_component>
      <object_component id="oc-43">
         <name>.debug_abbrev</name>
         <load_address>0xba6</load_address>
         <run_address>0xba6</run_address>
         <size>0x215</size>
         <input_file_ref idref="fl-10"/>
      </object_component>
      <object_component id="oc-46">
         <name>.debug_abbrev</name>
         <load_address>0xdbb</load_address>
         <run_address>0xdbb</run_address>
         <size>0x3a</size>
         <input_file_ref idref="fl-11"/>
      </object_component>
      <object_component id="oc-4c">
         <name>.debug_abbrev</name>
         <load_address>0xdf5</load_address>
         <run_address>0xdf5</run_address>
         <size>0x1f8</size>
         <input_file_ref idref="fl-12"/>
      </object_component>
      <object_component id="oc-4f">
         <name>.debug_abbrev</name>
         <load_address>0xfed</load_address>
         <run_address>0xfed</run_address>
         <size>0xd0</size>
         <input_file_ref idref="fl-13"/>
      </object_component>
      <object_component id="oc-53">
         <name>.debug_abbrev</name>
         <load_address>0x10bd</load_address>
         <run_address>0x10bd</run_address>
         <size>0xf8</size>
         <input_file_ref idref="fl-14"/>
      </object_component>
      <object_component id="oc-56">
         <name>.debug_abbrev</name>
         <load_address>0x11b5</load_address>
         <run_address>0x11b5</run_address>
         <size>0x161</size>
         <input_file_ref idref="fl-15"/>
      </object_component>
      <object_component id="oc-59">
         <name>.debug_abbrev</name>
         <load_address>0x1316</load_address>
         <run_address>0x1316</run_address>
         <size>0xab</size>
         <input_file_ref idref="fl-16"/>
      </object_component>
      <object_component id="oc-5d">
         <name>.debug_abbrev</name>
         <load_address>0x13c1</load_address>
         <run_address>0x13c1</run_address>
[...]
         <name>_prand</name>
         <value>0x118116b4</value>
         <object_component_ref idref="oc-d9"/>
      </symbol>
      <symbol id="sm-220">
         <name>_fb</name>
         <value>0x1181cb68</value>
         <object_component_ref idref="oc-1e"/>
      </symbol>
      <symbol id="sm-221">
         <name>_rand31_next</name>
         <value>0x11811638</value>
         <object_component_ref idref="oc-d9"/>
      </symbol>
      <symbol id="sm-222">
         <name>_read_LCDK_user_DIP</name>
         <value>0x11811160</value>
         <object_component_ref idref="oc-d9"/>
      </symbol>
      <symbol id="sm-223">
         <name>_L138_init_mcasp_edma</name>
         <value>0x11810630</value>
         <object_component_ref idref="oc-d9"/>
      </symbol>
      <symbol id="sm-224">
         <name>_L138_init_aic3106_registers</name>
         <value>0x11810de0</value>
         <object_component_ref idref="oc-d9"/>
      </symbol>
      <symbol id="sm-225">
         <name>_L138_initialise_intr</name>
         <value>0x1181142c</value>
         <object_component_ref idref="oc-d9"/>
      </symbol>
      <symbol id="sm-226">
         <name>_input_sample</name>
         <value>0x11810150</value>
         <object_component_ref idref="oc-d9"/>
      </symbol>
      <symbol id="sm-227">
         <name>_output_right_sample</name>
         <value>0x118100e0</value>
         <object_component_ref idref="oc-d9"/>
      </symbol>
      <symbol id="sm-228">
         <name>_pongIN</name>
         <value>0x1181cb60</value>
         <object_component_ref idref="oc-1e"/>
      </symbol>
      <symbol id="sm-229">
         <name>_pongOUT</name>
         <value>0x1181cb64</value>
         <object_component_ref idref="oc-1e"/>
      </symbol>
      <symbol id="sm-22a">
         <name>_pingOUT</name>
         <value>0x1181cb5c</value>
         <object_component_ref idref="oc-1e"/>
      </symbol>
      <symbol id="sm-22b">
         <name>_L138_init_mcasp_poll</name>
         <value>0x11810b4c</value>
         <object_component_ref idref="oc-d9"/>
      </symbol>
      <symbol id="sm-23a">
         <name>_c_int00</name>
         <value>0x1181a060</value>
         <object_component_ref idref="oc-e"/>
      </symbol>
      <symbol id="sm-23b">
         <name>__stack</name>
         <value>0x1181b998</value>
         <object_component_ref idref="oc-26"/>
      </symbol>
      <symbol id="sm-244">
         <name>__c6xabi_divu</name>
         <value>0x11819240</value>
         <object_component_ref idref="oc-d8"/>
      </symbol>
      <symbol id="sm-245">
         <name>__divu</name>
         <value>0x11819240</value>
         <object_component_ref idref="oc-d8"/>
      </symbol>
      <symbol id="sm-25c">
         <name>C$$EXIT</name>
         <value>0x1181a680</value>
         <object_component_ref idref="oc-e6"/>
      </symbol>
      <symbol id="sm-25d">
         <name>_exit</name>
         <value>0x11819480</value>
         <object_component_ref idref="oc-d7"/>
      </symbol>
      <symbol id="sm-25e">
         <name>___TI_enable_exit_profile_output</name>
         <value>0x1181b96c</value>
         <object_component_ref idref="oc-2e"/>
      </symbol>
      <symbol id="sm-25f">
         <name>_abort</name>
         <value>0x1181a680</value>
         <object_component_ref idref="oc-e6"/>
      </symbol>
      <symbol id="sm-260">
         <name>__cleanup_ptr</name>
         <value>0x1181b964</value>
         <object_component_ref idref="oc-2e"/>
      </symbol>
      <symbol id="sm-261">
         <name>__dtors_ptr</name>
         <value>0x1181b968</value>
         <object_component_ref idref="oc-2e"/>
      </symbol>
      <symbol id="sm-277">
         <name>__closefile</name>
         <value>0x11818280</value>
         <object_component_ref idref="oc-104"/>
      </symbol>
      <symbol id="sm-278">
         <name>_fclose</name>
         <value>0x1181a2a0</value>
         <object_component_ref idref="oc-f2"/>
      </symbol>
      <symbol id="sm-285">
         <name>__doflush</name>
         <value>0x11819300</value>
         <object_component_ref idref="oc-106"/>
      </symbol>
      <symbol id="sm-2ae">
         <name>__cleanup</name>
         <value>0x118196a0</value>
         <object_component_ref idref="oc-10d"/>
      </symbol>
      <symbol id="sm-2af">
         <name>_fopen</name>
         <value>0x1181a300</value>
         <object_component_ref idref="oc-f0"/>
      </symbol>
      <symbol id="sm-2cd">
         <name>_fread</name>
         <value>0x118155e0</value>
         <object_component_ref idref="oc-f1"/>
      </symbol>
      <symbol id="sm-322">
         <name>_read</name>
         <value>0x11819e20</value>
         <object_component_ref idref="oc-103"/>
      </symbol>
      <symbol id="sm-323">
         <name>_unlink</name>
         <value>0x1181a160</value>
         <object_component_ref idref="oc-11a"/>
      </symbol>
      <symbol id="sm-324">
         <name>_open</name>
         <value>0x11817d60</value>
         <object_component_ref idref="oc-10e"/>
      </symbol>
      <symbol id="sm-325">
         <name>_lseek</name>
         <value>0x11819ba0</value>
         <object_component_ref idref="oc-11b"/>
      </symbol>
      <symbol id="sm-326">
         <name>_close</name>
         <value>0x11818be0</value>
         <object_component_ref idref="oc-111"/>
      </symbol>
      <symbol id="sm-327">
         <name>_write</name>
         <value>0x11819ec0</value>
         <object_component_ref idref="oc-107"/>
      </symbol>
      <symbol id="sm-32f">
         <name>_memcpy</name>
         <value>0x11819c40</value>
         <object_component_ref idref="oc-e3"/>
      </symbol>
      <symbol id="sm-368">
         <name>__sys_memory</name>
         <value>0x11800000</value>
         <object_component_ref idref="oc-4a"/>
      </symbol>
      <symbol id="sm-369">
         <name>_free</name>
         <value>0x11815de0</value>
         <object_component_ref idref="oc-110"/>
      </symbol>
      <symbol id="sm-36a">
         <name>_malloc</name>
         <value>0x11817be0</value>
         <object_component_ref idref="oc-e9"/>
      </symbol>
      <symbol id="sm-375">
         <name>_memset</name>
         <value>0x11818cc0</value>
         <object_component_ref idref="oc-10c"/>
      </symbol>
      <symbol id="sm-396">
         <name>_perror</name>
         <value>0x11818700</value>
         <object_component_ref idref="oc-ee"/>
      </symbol>
      <symbol id="sm-3ab">
         <name>_printf</name>
         <value>0x11818da0</value>
         <object_component_ref idref="oc-ef"/>
      </symbol>
      <symbol id="sm-3b5">
         <name>_remove</name>
         <value>0x1181a6a0</value>
         <object_component_ref idref="oc-112"/>
      </symbol>
      <symbol id="sm-3de">
         <name>_HOSTopen</name>
         <value>0x11818a20</value>
         <object_component_ref idref="oc-da"/>
      </symbol>
      <symbol id="sm-3df">
         <name>_HOSTread</name>
         <value>0x11818e80</value>
         <object_component_ref idref="oc-dc"/>
      </symbol>
      <symbol id="sm-3e0">
         <name>_HOSTrename</name>
         <value>0x11817a60</value>
         <object_component_ref idref="oc-e0"/>
      </symbol>
      <symbol id="sm-3e1">
         <name>_HOSTwrite</name>
         <value>0x11819000</value>
         <object_component_ref idref="oc-dd"/>
      </symbol>
      <symbol id="sm-3e2">
         <name>_HOSTlseek</name>
         <value>0x11818820</value>
         <object_component_ref idref="oc-de"/>
      </symbol>
      <symbol id="sm-3e3">
         <name>_HOSTunlink</name>
         <value>0x11818f40</value>
         <object_component_ref idref="oc-df"/>
      </symbol>
      <symbol id="sm-3e4">
         <name>_HOSTclose</name>
         <value>0x11819600</value>
         <object_component_ref idref="oc-db"/>
      </symbol>
      <symbol id="sm-3f4">
         <name>C$$IO$$</name>
         <value>0x1181a478</value>
         <object_component_ref idref="oc-ec"/>
      </symbol>
      <symbol id="sm-3f5">
         <name>__CIOBUF_</name>
         <value>0x1181ca00</value>
         <object_component_ref idref="oc-5f"/>
      </symbol>
      <symbol id="sm-3f6">
         <name>_readmsg</name>
         <value>0x1181a0e0</value>
         <object_component_ref idref="oc-ed"/>
      </symbol>
      <symbol id="sm-3f7">
         <name>_writemsg</name>
         <value>0x1181a420</value>
         <object_component_ref idref="oc-ec"/>
      </symbol>
      <symbol id="sm-405">
         <name>__buff_read</name>
         <value>0x11818160</value>
         <object_component_ref idref="oc-102"/>
      </symbol>
      <symbol id="sm-419">
         <name>__rd_ok</name>
         <value>0x118193c0</value>
         <object_component_ref idref="oc-101"/>
      </symbol>
      <symbol id="sm-41a">
         <name>__wrt_ok</name>
         <value>0x11818920</value>
         <object_component_ref idref="oc-105"/>
      </symbol>
      <symbol id="sm-428">
         <name>__unlock</name>
         <value>0x1181b97c</value>
         <object_component_ref idref="oc-6a"/>
      </symbol>
      <symbol id="sm-429">
         <name>__lock</name>
         <value>0x1181b978</value>
         <object_component_ref idref="oc-6a"/>
      </symbol>
      <symbol id="sm-42a">
         <name>__nop</name>
         <value>0x1181a620</value>
         <object_component_ref idref="oc-e1"/>
      </symbol>
      <symbol id="sm-534">
         <name>__printfi</name>
         <value>0x11813ce0</value>
         <object_component_ref idref="oc-fd"/>
      </symbol>
      <symbol id="sm-53e">
         <name>__args_main</name>
         <value>0x1181a500</value>
         <object_component_ref idref="oc-d6"/>
      </symbol>
      <symbol id="sm-53f">
         <name>__TI_args_main</name>
         <value>0x1</value>
      </symbol>
      <symbol id="sm-54d">
         <name>_atoi</name>
         <value>0x11818b00</value>
         <object_component_ref idref="oc-114"/>
      </symbol>
      <symbol id="sm-55c">
         <name>__auto_init</name>
         <value>0x118190c0</value>
         <object_component_ref idref="oc-d5"/>
      </symbol>
      <symbol id="sm-569">
         <name>___TI_cpp_init</name>
         <value>0x1181a1e0</value>
         <object_component_ref idref="oc-e4"/>
      </symbol>
      <symbol id="sm-577">
         <name>_copy_in</name>
         <value>0x11819a60</value>
         <object_component_ref idref="oc-e2"/>
      </symbol>
      <symbol id="sm-57f">
         <name>__ctypes_</name>
         <value>0x1181c3c8</value>
         <object_component_ref idref="oc-11c"/>
      </symbol>
      <symbol id="sm-589">
         <name>__tmpnams</name>
         <value>0x1181b700</value>
         <object_component_ref idref="oc-84"/>
      </symbol>
      <symbol id="sm-58a">
         <name>__ft_end</name>
         <value>0x1181b840</value>
         <object_component_ref idref="oc-84"/>
      </symbol>
      <symbol id="sm-58b">
         <name>__ftable</name>
         <value>0x1181b520</value>
         <object_component_ref idref="oc-84"/>
      </symbol>
      <symbol id="sm-59d">
         <name>__divd</name>
         <value>0x11812ce0</value>
         <object_component_ref idref="oc-12b"/>
      </symbol>
      <symbol id="sm-5a7">
         <name>_errno</name>
         <value>0x1181b844</value>
         <object_component_ref idref="oc-8b"/>
      </symbol>
      <symbol id="sm-5b4">
         <name>__fixdli</name>
         <value>0x11819920</value>
         <object_component_ref idref="oc-12d"/>
      </symbol>
      <symbol id="sm-5bf">
         <name>__fltlid</name>
         <value>0x11819f60</value>
         <object_component_ref idref="oc-12f"/>
      </symbol>
      <symbol id="sm-5da">
         <name>_putc</name>
         <value>0x11816980</value>
         <object_component_ref idref="oc-fb"/>
      </symbol>
      <symbol id="sm-5db">
         <name>_fputc</name>
         <value>0x11816980</value>
         <object_component_ref idref="oc-fb"/>
      </symbol>
      <symbol id="sm-5fd">
         <name>_fputs</name>
         <value>0x11814560</value>
         <object_component_ref idref="oc-f9"/>
      </symbol>
      <symbol id="sm-607">
         <name>__frcmpyd_div</name>
         <value>0x1181a540</value>
         <object_component_ref idref="oc-131"/>
      </symbol>
      <symbol id="sm-618">
         <name>_fseek</name>
         <value>0x118185e0</value>
         <object_component_ref idref="oc-113"/>
      </symbol>
      <symbol id="sm-628">
         <name>__divul</name>
         <value>0x11817720</value>
         <object_component_ref idref="oc-132"/>
      </symbol>
      <symbol id="sm-629">
         <name>__remli</name>
         <value>0x1181a5c0</value>
         <object_component_ref idref="oc-134"/>
      </symbol>
      <symbol id="sm-62a">
         <name>__divli</name>
         <value>0x11819740</value>
         <object_component_ref idref="oc-135"/>
      </symbol>
      <symbol id="sm-63e">
         <name>__subcull</name>
         <value>0x1181a240</value>
         <object_component_ref idref="oc-137"/>
      </symbol>
      <symbol id="sm-63f">
         <name>__divull</name>
         <value>0x11816060</value>
         <object_component_ref idref="oc-133"/>
      </symbol>
      <symbol id="sm-649">
         <name>___isinf</name>
         <value>0x1181a480</value>
         <object_component_ref idref="oc-11e"/>
      </symbol>
      <symbol id="sm-657">
         <name>__llshl</name>
         <value>0x11819fe0</value>
         <object_component_ref idref="oc-136"/>
      </symbol>
      <symbol id="sm-658">
         <name>__llshru</name>
         <value>0x1181a580</value>
         <object_component_ref idref="oc-130"/>
      </symbol>
      <symbol id="sm-665">
         <name>_ltoa</name>
         <value>0x11819540</value>
         <object_component_ref idref="oc-12e"/>
      </symbol>
      <symbol id="sm-672">
         <name>_memccpy</name>
         <value>0x1181a360</value>
         <object_component_ref idref="oc-117"/>
      </symbol>
      <symbol id="sm-67c">
         <name>__negll</name>
         <value>0x1181a600</value>
         <object_component_ref idref="oc-123"/>
      </symbol>
      <symbol id="sm-692">
         <name>_setvbuf</name>
         <value>0x11816fc0</value>
         <object_component_ref idref="oc-10f"/>
      </symbol>
      <symbol id="sm-6a8">
         <name>_USTIMER_get</name>
         <value>0x11817364</value>
         <object_component_ref idref="oc-ea"/>
      </symbol>
      <symbol id="sm-6a9">
         <name>_USTIMER_delay</name>
         <value>0x118172a4</value>
         <object_component_ref idref="oc-ea"/>
      </symbol>
      <symbol id="sm-6aa">
         <name>_USTIMER_set</name>
         <value>0x11817378</value>
         <object_component_ref idref="oc-ea"/>
      </symbol>
      <symbol id="sm-6ab">
         <name>_USTIMER_init</name>
         <value>0x118171c0</value>
         <object_component_ref idref="oc-ea"/>
      </symbol>
      <symbol id="sm-6ac">
         <name>_USTIMER_reset</name>
         <value>0x11817334</value>
         <object_component_ref idref="oc-ea"/>
      </symbol>
      <symbol id="sm-6e6">
         <name>_GPIO_getInput</name>
         <value>0x11814978</value>
         <object_component_ref idref="oc-e8"/>
      </symbol>
      <symbol id="sm-6e7">
         <name>_GPIO_setDir</name>
         <value>0x11814900</value>
         <object_component_ref idref="oc-e8"/>
      </symbol>
      <symbol id="sm-6e8">
         <name>_GPIO_toggleLoop</name>
         <value>0x11814a6c</value>
         <object_component_ref idref="oc-e8"/>
      </symbol>
      <symbol id="sm-6e9">
         <name>_GPIO_setOutput</name>
         <value>0x118149ec</value>
         <object_component_ref idref="oc-e8"/>
      </symbol>
      <symbol id="sm-715">
         <name>_AIC3106_writeRegister</name>
         <value>0x11817a10</value>
         <object_component_ref idref="oc-e7"/>
      </symbol>
      <symbol id="sm-716">
         <name>_AIC3106_init</name>
         <value>0x118178c0</value>
         <object_component_ref idref="oc-e7"/>
      </symbol>
      <symbol id="sm-717">
         <name>_AIC3106_readRegister</name>
         <value>0x118179b8</value>
         <object_component_ref idref="oc-e7"/>
      </symbol>
      <symbol id="sm-7b4">
         <name>_config_pll1</name>
         <value>0x11811fa4</value>
         <object_component_ref idref="oc-eb"/>
      </symbol>
      <symbol id="sm-7b5">
         <name>_config_pll0</name>
         <value>0x11811d68</value>
         <object_component_ref idref="oc-eb"/>
      </symbol>
      <symbol id="sm-7b6">
         <name>_UTIL_isUIBoardAttached</name>
         <value>0x118122e0</value>
         <object_component_ref idref="oc-eb"/>
      </symbol>
      <symbol id="sm-7b7">
         <name>_EVMOMAPL138_initRAM</name>
         <value>0x1181170c</value>
         <object_component_ref idref="oc-eb"/>
      </symbol>
      <symbol id="sm-7b8">
         <name>_EVMOMAPL138_lpscTransition</name>
         <value>0x11811990</value>
         <object_component_ref idref="oc-eb"/>
      </symbol>
      <symbol id="sm-7b9">
         <name>_EVMOMAPL138_enableDsp</name>
         <value>0x118118c8</value>
         <object_component_ref idref="oc-eb"/>
      </symbol>
      <symbol id="sm-7ba">
         <name>_EVMOMAPL138_init</name>
         <value>0x118116e0</value>
         <object_component_ref idref="oc-eb"/>
      </symbol>
      <symbol id="sm-7bb">
         <name>_UTIL_printMem</name>
         <value>0x11812188</value>
         <object_component_ref idref="oc-eb"/>
      </symbol>
      <symbol id="sm-7bc">
         <name>_EVMOMAPL138_pinmuxConfig</name>
         <value>0x118118f4</value>
         <object_component_ref idref="oc-eb"/>
      </symbol>
      <symbol id="sm-7bd">
         <name>_bitval_u32</name>
         <value>0x1181c4d0</value>
         <object_component_ref idref="oc-f5"/>
      </symbol>
      <symbol id="sm-7eb">
         <name>_I2CGPIO_getInput</name>
         <value>0x118138d4</value>
         <object_component_ref idref="oc-f8"/>
      </symbol>
      <symbol id="sm-7ec">
         <name>_I2CGPIO_setOutputAll</name>
         <value>0x11813c48</value>
         <object_component_ref idref="oc-f8"/>
      </symbol>
      <symbol id="sm-7ed">
         <name>_I2CGPIO_setOutput</name>
         <value>0x11813b00</value>
         <object_component_ref idref="oc-f8"/>
      </symbol>
      <symbol id="sm-7ee">
         <name>_I2CGPIO_getInputAll</name>
         <value>0x118139f0</value>
         <object_component_ref idref="oc-f8"/>
      </symbol>
      <symbol id="sm-7ef">
         <name>_I2CGPIO_init</name>
         <value>0x11813800</value>
         <object_component_ref idref="oc-f8"/>
      </symbol>
      <symbol id="sm-838">
         <name>_I2C_read</name>
         <value>0x11814d6c</value>
         <object_component_ref idref="oc-f3"/>
      </symbol>
      <symbol id="sm-839">
         <name>_I2C_write</name>
         <value>0x11814ec8</value>
         <object_component_ref idref="oc-f3"/>
      </symbol>
      <symbol id="sm-83a">
         <name>_I2C_init</name>
         <value>0x11814c80</value>
         <object_component_ref idref="oc-f3"/>
      </symbol>
   </symbol_table>
</link_info>
