******************************************************************************
               TMS320C6x Linker PC v7.4.4                      
******************************************************************************
>> Linked Mon Jan 23 16:40:56 2017

OUTPUT FILE NAME:   <LittleLamb.out>
ENTRY POINT SYMBOL: "_c_int00"  address: 1181a060


MEMORY CONFIGURATION

         name            origin    length      used     unused   attr    fill
----------------------  --------  ---------  --------  --------  ----  --------
  dsp_l2_ram            11800000   00040000  0001cb97  00023469  RWIX
  shared_ram            80000000   00020000  00000000  00020000  RWIX
  external_ram          c0000000   08000000  00e00000  07200000  RWIX


SECTION ALLOCATION MAP

 output                                  attributes/
section   page    origin      length       input sections
--------  ----  ----------  ----------   ----------------
.data      0    11800000    00000000     UNINITIALIZED

.sysmem    0    11800000    00010000     UNINITIALIZED
                  11800000    00000008     rts6740.lib : memory.obj (.sysmem)
                  11800008    0000fff8     --HOLE--

.text      0    11810000    0000a6e0     
                  11810000    000016e0     L138_LCDK_aic3106_init.obj (.text)
                  118116e0    00000c20     evmomapl138_bsl.lib : evmomapl138.obj (.text)
                  11812300    000009e0     main.obj (.text)
                  11812ce0    000005a0     rts6740.lib : divd.obj (.text:__divd)
                  11813280    00000580                 : _printfi.obj (.text:__getarg_diouxp)
                  11813800    000004e0     evmomapl138_bsl.lib : evmomapl138_i2c_gpio.obj (.text)
                  11813ce0    00000440     rts6740.lib : _printfi.obj (.text:__printfi)
                  11814120    00000440                 : _printfi.obj (.text:__setfield)
                  11814560    000003a0                 : fputs.obj (.text:_fputs)
                  11814900    00000380     evmomapl138_bsl.lib : evmomapl138_gpio.obj (.text)
                  11814c80    00000380                         : evmomapl138_i2c.obj (.text)
                  11815000    00000320     rts6740.lib : _printfi.obj (.text:__pproc_fge)
                  11815320    000002c0                 : _printfi.obj (.text:__pproc_fwp)
                  118155e0    000002c0                 : fread.obj (.text:_fread)
                  118158a0    000002a0                 : _printfi.obj (.text:_ecvt)
                  11815b40    000002a0                 : _printfi.obj (.text:_fcvt)
                  11815de0    00000280                 : memory.obj (.text:_free)
                  11816060    00000260                 : imath64.obj (.text:__divull)
                  118162c0    00000260                 : _printfi.obj (.text:__pconv_e)
                  11816520    00000240                 : _printfi.obj (.text:__pproc_diouxp)
                  11816760    00000220                 : _printfi.obj (.text:__pproc_str)
                  11816980    00000220                 : fputc.obj (.text:_fputc)
                  11816ba0    00000220     main.obj (.text:retain)
                  11816dc0    00000200     rts6740.lib : _printfi.obj (.text:__pconv_g)
                  11816fc0    00000200                 : setvbuf.obj (.text:_setvbuf)
                  118171c0    000001e0     evmomapl138_bsl.lib : evmomapl138_timer.obj (.text)
                  118173a0    000001c0     rts6740.lib : _printfi.obj (.text:__mcpy)
                  11817560    000001c0                 : fopen.obj (.text:__openfile)
                  11817720    000001a0                 : imath40.obj (.text:__divul)
                  118178c0    000001a0     evmomapl138_bsl.lib : evmomapl138_aic3106.obj (.text)
                  11817a60    00000180     rts6740.lib : trgdrv.obj (.text:_HOSTrename)
                  11817be0    00000180                 : memory.obj (.text:_malloc)
                  11817d60    00000180                 : lowlev.obj (.text:_open)
                  11817ee0    00000140                 : _printfi.obj (.text:__pproc_fflags)
                  11818020    00000140                 : lowlev.obj (.text:_getdevice)
                  11818160    00000120                 : _bufread.obj (.text:__buff_read)
                  11818280    00000120                 : fclose.obj (.text:__closefile)
                  118183a0    00000120                 : _printfi.obj (.text:__ltostr)
                  118184c0    00000120                 : fopen.obj (.text:__search_fp)
                  118185e0    00000120                 : fseek.obj (.text:_fseek)
                  11818700    00000120                 : perror.obj (.text:_perror)
                  11818820    00000100                 : trgdrv.obj (.text:_HOSTlseek)
                  11818920    00000100                 : _io_perm.obj (.text:__wrt_ok)
                  11818a20    000000e0                 : trgdrv.obj (.text:_HOSTopen)
                  11818b00    000000e0                 : atoi.obj (.text:_atoi)
                  11818be0    000000e0                 : lowlev.obj (.text:_close)
                  11818cc0    000000e0                 : memset.obj (.text:_memset)
                  11818da0    000000e0                 : printf.obj (.text:_printf)
                  11818e80    000000c0                 : trgdrv.obj (.text:_HOSTread)
                  11818f40    000000c0                 : trgdrv.obj (.text:_HOSTunlink)
                  11819000    000000c0                 : trgdrv.obj (.text:_HOSTwrite)
                  118190c0    000000c0                 : autoinit.obj (.text:__auto_init)
                  11819180    000000c0                 : _printfi.obj (.text:__div)
                  11819240    000000c0                 : divu.obj (.text:__divu)
                  11819300    000000c0                 : fflush.obj (.text:__doflush)
                  118193c0    000000c0                 : _io_perm.obj (.text:__rd_ok)
                  11819480    000000c0                 : exit.obj (.text:_exit)
                  11819540    000000c0                 : ltoa.obj (.text:_ltoa)
                  11819600    000000a0                 : trgdrv.obj (.text:_HOSTclose)
                  118196a0    000000a0                 : fopen.obj (.text:__cleanup)
                  11819740    000000a0                 : imath40.obj (.text:__divli)
                  118197e0    000000a0                 : _printfi.obj (.text:__ecpy)
                  11819880    000000a0                 : _printfi.obj (.text:__fcpy)
                  11819920    000000a0                 : fixdli.obj (.text:__fixdli)
                  118199c0    000000a0                 : _printfi.obj (.text:__pconv_f)
                  11819a60    000000a0                 : cpy_tbl.obj (.text:_copy_in)
                  11819b00    000000a0                 : lowlev.obj (.text:_finddevice)
                  11819ba0    000000a0                 : lowlev.obj (.text:_lseek)
                  11819c40    000000a0                 : memcpy64.obj (.text:_memcpy)
                  11819ce0    000000a0                 : memory.obj (.text:_minsert)
                  11819d80    000000a0                 : memory.obj (.text:_mremove)
                  11819e20    000000a0                 : lowlev.obj (.text:_read)
                  11819ec0    000000a0                 : lowlev.obj (.text:_write)
                  11819f60    00000080                 : fltlid.obj (.text:__fltlid)
                  11819fe0    00000080                 : llshift.obj (.text:__llshl)
                  1181a060    00000080                 : boot.obj (.text:_c_int00)
                  1181a0e0    00000080                 : trgmsg.obj (.text:_readmsg)
                  1181a160    00000080                 : lowlev.obj (.text:_unlink)
                  1181a1e0    00000060                 : cpp_init.obj (.text:___TI_cpp_init)
                  1181a240    00000060                 : imath64.obj (.text:__subcull)
                  1181a2a0    00000060                 : fclose.obj (.text:_fclose)
                  1181a300    00000060                 : fopen.obj (.text:_fopen)
                  1181a360    00000060                 : memccpy.obj (.text:_memccpy)
                  1181a3c0    00000060                 : lowlev.obj (.text:_tabinit)
                  1181a420    00000060                 : trgmsg.obj (.text:_writemsg)
                  1181a480    00000040                 : isinf.obj (.text:___isinf)
                  1181a4c0    00000040                 : _printfi.obj (.text:___isnan)
                  1181a500    00000040                 : args_main.obj (.text:__args_main)
                  1181a540    00000040                 : frcmpyd_div.obj (.text:__frcmpyd_div)
                  1181a580    00000040                 : llshift.obj (.text:__llshru)
                  1181a5c0    00000040                 : imath40.obj (.text:__remli)
                  1181a600    00000020                 : negll.obj (.text:__negll)
                  1181a620    00000020                 : _lock.obj (.text:__nop)
                  1181a640    00000020                 : printf.obj (.text:__outc)
                  1181a660    00000020                 : printf.obj (.text:__outs)
                  1181a680    00000020                 : exit.obj (.text:_abort)
                  1181a6a0    00000020                 : remove.obj (.text:_remove)
                  1181a6c0    00000020     vectors_intr.obj (.text)

.far       0    1181a6e0    000012b4     UNINITIALIZED
                  1181a6e0    00000e40     main.obj (.far)
                  1181b520    00000324     rts6740.lib : defs.obj (.far)
                  1181b844    00000004                 : errno.obj (.far)
                  1181b848    0000011c                 : lowlev.obj (.far)
                  1181b964    0000000c                 : exit.obj (.far)
                  1181b970    00000008     L138_LCDK_aic3106_init.obj (.far)
                  1181b978    00000008     rts6740.lib : _lock.obj (.far)
                  1181b980    00000008                 : memory.obj (.far)
                  1181b988    00000008                 : trgdrv.obj (.far)
                  1181b990    00000004                 : fopen.obj (.far)

.stack     0    1181b998    00000800     UNINITIALIZED
                  1181b998    00000008     rts6740.lib : boot.obj (.stack)
                  1181b9a0    000007f8     --HOLE--

.const     0    1181c198    0000047f     
                  1181c198    00000230     main.obj (.const:.string)
                  1181c3c8    00000101     rts6740.lib : ctype.obj (.const:.string:__ctypes_)
                  1181c4c9    00000002                 : fputs.obj (.const:.string)
                  1181c4cb    00000005     --HOLE-- [fill = 0]
                  1181c4d0    00000080     evmomapl138_bsl.lib : evmomapl138.obj (.const:_bitval_u32)
                  1181c550    00000064     rts6740.lib : perror.obj (.const:.string)
                  1181c5b4    00000040     evmomapl138_bsl.lib : evmomapl138.obj (.const:.string)
                  1181c5f4    00000023     rts6740.lib : _printfi.obj (.const:.string)

.cinit     0    1181c618    000001d4     
                  1181c618    0000005c     rts6740.lib : defs.obj (.cinit)
                  1181c674    00000004     --HOLE-- [fill = 0]
                  1181c678    0000005c                 : lowlev.obj (.cinit)
                  1181c6d4    00000004     --HOLE-- [fill = 0]
                  1181c6d8    0000003c     main.obj (.cinit)
                  1181c714    00000004     --HOLE-- [fill = 0]
                  1181c718    0000002c     L138_LCDK_aic3106_init.obj (.cinit)
                  1181c744    00000004     --HOLE-- [fill = 0]
                  1181c748    0000002c     rts6740.lib : exit.obj (.cinit)
                  1181c774    00000004     --HOLE-- [fill = 0]
                  1181c778    0000002c                 : memory.obj (.cinit)
                  1181c7a4    00000004     --HOLE-- [fill = 0]
                  1181c7a8    0000001c                 : _lock.obj (.cinit)
                  1181c7c4    00000004     --HOLE-- [fill = 0]
                  1181c7c8    0000000c                 : errno.obj (.cinit)
                  1181c7d4    00000004     --HOLE-- [fill = 0]
                  1181c7d8    0000000c                 : fopen.obj (.cinit)
                  1181c7e4    00000004     --HOLE-- [fill = 0]
                  1181c7e8    00000004     (.pad.cinit) [fill = 0]

.vecs      0    1181c800    00000200     
                  1181c800    00000200     vectors_intr.obj (.vecs)

.cio       0    1181ca00    00000120     UNINITIALIZED
                  1181ca00    00000120     rts6740.lib : trgmsg.obj (.cio)

.bss       0    1181cb20    00000054     UNINITIALIZED
                  1181cb20    00000034     main.obj (.bss)
                  1181cb54    0000001c     L138_LCDK_aic3106_init.obj (.bss)
                  1181cb70    00000004     evmomapl138_bsl.lib : evmomapl138_i2c.obj (.bss)

.switch    0    1181cb74    0000003c     
                  1181cb74    00000024     evmomapl138_bsl.lib : evmomapl138_gpio.obj (.switch:_getRegisterBankAndBit)
                  1181cb98    00000018     rts6740.lib : perror.obj (.switch:_perror)

.EXT_RAM   0    c0000000    00e00000     UNINITIALIZED
                  c0000000    00e00000     main.obj (.EXT_RAM)


GLOBAL SYMBOLS: SORTED ALPHABETICALLY BY Name 

address    name
--------   ----
1181cb20   $bss
1181cb20   .bss
11800000   .data
11810000   .text
1181a680   C$$EXIT
1181a478   C$$IO$$
118178c0   _AIC3106_init
118179b8   _AIC3106_readRegister
11817a10   _AIC3106_writeRegister
1181b970   _AIC31_data
11810258   _EDMA3_PaRAM_setup
118118c8   _EVMOMAPL138_enableDsp
118116e0   _EVMOMAPL138_init
1181170c   _EVMOMAPL138_initRAM
11811990   _EVMOMAPL138_lpscTransition
118118f4   _EVMOMAPL138_pinmuxConfig
11814978   _GPIO_getInput
11814900   _GPIO_setDir
118149ec   _GPIO_setOutput
11814a6c   _GPIO_toggleLoop
11819600   _HOSTclose
11818820   _HOSTlseek
11818a20   _HOSTopen
11818e80   _HOSTread
11817a60   _HOSTrename
11818f40   _HOSTunlink
11819000   _HOSTwrite
1181a870   _Header
118138d4   _I2CGPIO_getInput
118139f0   _I2CGPIO_getInputAll
11813800   _I2CGPIO_init
11813b00   _I2CGPIO_setOutput
11813c48   _I2CGPIO_setOutputAll
11814c80   _I2C_init
11814d6c   _I2C_read
11814ec8   _I2C_write
1181a886   _InfoHeader
11811118   _L138_init_LCDK_DIP
11810de0   _L138_init_aic3106_registers
11810630   _L138_init_mcasp_edma
118108ec   _L138_init_mcasp_intr
11810b4c   _L138_init_mcasp_poll
118111c4   _L138_initialise_edma
1181142c   _L138_initialise_intr
11811348   _L138_initialise_poll
118172a4   _USTIMER_delay
11817364   _USTIMER_get
118171c0   _USTIMER_init
11817334   _USTIMER_reset
11817378   _USTIMER_set
118122e0   _UTIL_isUIBoardAttached
11812188   _UTIL_printMem
1181ca00   __CIOBUF_
1181c198   __STACK_END
00000800   __STACK_SIZE
00010000   __SYSMEM_SIZE
00000001   __TI_args_main
1181a1e0   ___TI_cpp_init
1181b96c   ___TI_enable_exit_profile_output
ffffffff   ___TI_pprof_out_hndl
ffffffff   ___TI_prof_data_size
ffffffff   ___TI_prof_data_start
ffffffff   ___binit__
1181cb20   ___bss__
ffffffff   ___c_args__
1181c618   ___cinit__
11800000   ___data__
11800000   ___edata__
1181cb74   ___end__
1181a6e0   ___etext__
1181a480   ___isinf
ffffffff   ___pinit__
11810000   ___text__
1181a500   __args_main
118190c0   __auto_init
11818160   __buff_read
11819240   __c6xabi_divu
118196a0   __cleanup
1181b964   __cleanup_ptr
11818280   __closefile
1181c3c8   __ctypes_
11812ce0   __divd
11819740   __divli
11819240   __divu
11817720   __divul
11816060   __divull
11819300   __doflush
1181b968   __dtors_ptr
11819920   __fixdli
11819f60   __fltlid
1181a540   __frcmpyd_div
1181b840   __ft_end
1181b520   __ftable
11819fe0   __llshl
1181a580   __llshru
1181b978   __lock
1181a600   __negll
1181a620   __nop
11813ce0   __printfi
118193c0   __rd_ok
1181a5c0   __remli
1181b998   __stack
1181a240   __subcull
11800000   __sys_memory
1181b700   __tmpnams
1181b97c   __unlock
11818920   __wrt_ok
1181a680   _abort
11818b00   _atoi
11812a4c   _audioread
1181c4d0   _bitval_u32
1181a060   _c_int00
11818be0   _close
11811d68   _config_pll0
11811fa4   _config_pll1
11819a60   _copy_in
1181cb3c   _counter
1181cb34   _datasize
1181b844   _errno
11819480   _exit
1181cb68   _fb
1181a2a0   _fclose
1181a300   _fopen
11816980   _fputc
11814560   _fputs
118155e0   _fread
11815de0   _free
118185e0   _fseek
1181cb30   _i
1181cb50   _index
118101a8   _input_left_sample
11810200   _input_right_sample
11810150   _input_sample
11816ba0   _interrupt4
1181cb4c   _lamb
1181cb48   _left_sample
11819ba0   _lseek
11819540   _ltoa
118127b8   _m_free
118124ec   _m_malloc
c0000000   _m_mem
11812958   _m_stat
11812c6c   _main
11817be0   _malloc
1181cb20   _mem_count
11812300   _mem_init
1181a360   _memccpy
11819c40   _memcpy
11818cc0   _memset
11817d60   _open
11810068   _output_left_sample
118100e0   _output_right_sample
11810000   _output_sample
1181cb38   _padding
11818700   _perror
1181cb58   _pingIN
1181cb5c   _pingOUT
1181a6e0   _pointers
1181cb60   _pongIN
1181cb64   _pongOUT
118116b4   _prand
1181cb6c   _prand_seed
11811568   _prbs
11818da0   _printf
11816980   _putc
11811638   _rand31_next
11819e20   _read
11811160   _read_LCDK_user_DIP
1181a0e0   _readmsg
1181cb40   _record
1181a6a0   _remove
1181cb44   _reset
11812920   _s_free
118128a8   _s_malloc
c0c00000   _s_mem
1181a8a0   _sample
11816fc0   _setvbuf
118123c8   _sort
1181cb2c   _sp
1181b974   _sreg
1181a160   _unlink
1181cb24   _upper_bound_m
1181cb28   _upper_bound_s
1181c820   _vector1
1181c940   _vector10
1181c960   _vector11
1181c980   _vector12
1181c9a0   _vector13
1181c9c0   _vector14
1181c9e0   _vector15
1181c840   _vector2
1181c860   _vector3
1181c8a0   _vector5
1181c8c0   _vector6
1181c8e0   _vector7
1181c900   _vector8
1181c920   _vector9
1181c800   _vectors
11819ec0   _write
1181a420   _writemsg
ffffffff   binit
1181c618   cinit
11800000   edata
1181cb74   end
1181a6e0   etext
ffffffff   pinit


GLOBAL SYMBOLS: SORTED BY Symbol Address 

address    name
--------   ----
00000001   __TI_args_main
00000800   __STACK_SIZE
00010000   __SYSMEM_SIZE
11800000   .data
11800000   ___data__
11800000   ___edata__
11800000   __sys_memory
11800000   edata
11810000   .text
11810000   ___text__
11810000   _output_sample
11810068   _output_left_sample
118100e0   _output_right_sample
11810150   _input_sample
118101a8   _input_left_sample
11810200   _input_right_sample
11810258   _EDMA3_PaRAM_setup
11810630   _L138_init_mcasp_edma
118108ec   _L138_init_mcasp_intr
11810b4c   _L138_init_mcasp_poll
11810de0   _L138_init_aic3106_registers
11811118   _L138_init_LCDK_DIP
11811160   _read_LCDK_user_DIP
118111c4   _L138_initialise_edma
11811348   _L138_initialise_poll
1181142c   _L138_initialise_intr
11811568   _prbs
11811638   _rand31_next
118116b4   _prand
118116e0   _EVMOMAPL138_init
1181170c   _EVMOMAPL138_initRAM
118118c8   _EVMOMAPL138_enableDsp
118118f4   _EVMOMAPL138_pinmuxConfig
11811990   _EVMOMAPL138_lpscTransition
11811d68   _config_pll0
11811fa4   _config_pll1
11812188   _UTIL_printMem
118122e0   _UTIL_isUIBoardAttached
11812300   _mem_init
118123c8   _sort
118124ec   _m_malloc
118127b8   _m_free
118128a8   _s_malloc
11812920   _s_free
11812958   _m_stat
11812a4c   _audioread
11812c6c   _main
11812ce0   __divd
11813800   _I2CGPIO_init
118138d4   _I2CGPIO_getInput
118139f0   _I2CGPIO_getInputAll
11813b00   _I2CGPIO_setOutput
11813c48   _I2CGPIO_setOutputAll
11813ce0   __printfi
11814560   _fputs
11814900   _GPIO_setDir
11814978   _GPIO_getInput
118149ec   _GPIO_setOutput
11814a6c   _GPIO_toggleLoop
11814c80   _I2C_init
11814d6c   _I2C_read
11814ec8   _I2C_write
118155e0   _fread
11815de0   _free
11816060   __divull
11816980   _fputc
11816980   _putc
11816ba0   _interrupt4
11816fc0   _setvbuf
118171c0   _USTIMER_init
118172a4   _USTIMER_delay
11817334   _USTIMER_reset
11817364   _USTIMER_get
11817378   _USTIMER_set
11817720   __divul
118178c0   _AIC3106_init
118179b8   _AIC3106_readRegister
11817a10   _AIC3106_writeRegister
11817a60   _HOSTrename
11817be0   _malloc
11817d60   _open
11818160   __buff_read
11818280   __closefile
118185e0   _fseek
11818700   _perror
11818820   _HOSTlseek
11818920   __wrt_ok
11818a20   _HOSTopen
11818b00   _atoi
11818be0   _close
11818cc0   _memset
11818da0   _printf
11818e80   _HOSTread
11818f40   _HOSTunlink
11819000   _HOSTwrite
118190c0   __auto_init
11819240   __c6xabi_divu
11819240   __divu
11819300   __doflush
118193c0   __rd_ok
11819480   _exit
11819540   _ltoa
11819600   _HOSTclose
118196a0   __cleanup
11819740   __divli
11819920   __fixdli
11819a60   _copy_in
11819ba0   _lseek
11819c40   _memcpy
11819e20   _read
11819ec0   _write
11819f60   __fltlid
11819fe0   __llshl
1181a060   _c_int00
1181a0e0   _readmsg
1181a160   _unlink
1181a1e0   ___TI_cpp_init
1181a240   __subcull
1181a2a0   _fclose
1181a300   _fopen
1181a360   _memccpy
1181a420   _writemsg
1181a478   C$$IO$$
1181a480   ___isinf
1181a500   __args_main
1181a540   __frcmpyd_div
1181a580   __llshru
1181a5c0   __remli
1181a600   __negll
1181a620   __nop
1181a680   C$$EXIT
1181a680   _abort
1181a6a0   _remove
1181a6e0   ___etext__
1181a6e0   _pointers
1181a6e0   etext
1181a870   _Header
1181a886   _InfoHeader
1181a8a0   _sample
1181b520   __ftable
1181b700   __tmpnams
1181b840   __ft_end
1181b844   _errno
1181b964   __cleanup_ptr
1181b968   __dtors_ptr
1181b96c   ___TI_enable_exit_profile_output
1181b970   _AIC31_data
1181b974   _sreg
1181b978   __lock
1181b97c   __unlock
1181b998   __stack
1181c198   __STACK_END
1181c3c8   __ctypes_
1181c4d0   _bitval_u32
1181c618   ___cinit__
1181c618   cinit
1181c800   _vectors
1181c820   _vector1
1181c840   _vector2
1181c860   _vector3
1181c8a0   _vector5
1181c8c0   _vector6
1181c8e0   _vector7
1181c900   _vector8
1181c920   _vector9
1181c940   _vector10
1181c960   _vector11
1181c980   _vector12
1181c9a0   _vector13
1181c9c0   _vector14
1181c9e0   _vector15
1181ca00   __CIOBUF_
1181cb20   $bss
1181cb20   .bss
1181cb20   ___bss__
1181cb20   _mem_count
1181cb24   _upper_bound_m
1181cb28   _upper_bound_s
1181cb2c   _sp
1181cb30   _i
1181cb34   _datasize
1181cb38   _padding
1181cb3c   _counter
1181cb40   _record
1181cb44   _reset
1181cb48   _left_sample
1181cb4c   _lamb
1181cb50   _index
1181cb58   _pingIN
1181cb5c   _pingOUT
1181cb60   _pongIN
1181cb64   _pongOUT
1181cb68   _fb
1181cb6c   _prand_seed
1181cb74   ___end__
1181cb74   end
c0000000   _m_mem
c0c00000   _s_mem
ffffffff   ___TI_pprof_out_hndl
ffffffff   ___TI_prof_data_size
ffffffff   ___TI_prof_data_start
ffffffff   ___binit__
ffffffff   ___c_args__
ffffffff   ___pinit__
ffffffff   binit
ffffffff   pinit

[206 symbols]
