******************************************************************************
               TMS320C6x Linker PC v7.4.4                      
******************************************************************************
>> Linked Mon Jan 23 17:19:19 2017

OUTPUT FILE NAME:   <LittleLamb.out>
ENTRY POINT SYMBOL: "_c_int00"  address: 11819f60


MEMORY CONFIGURATION

         name            origin    length      used     unused   attr    fill
----------------------  --------  ---------  --------  --------  ----  --------
  dsp_l2_ram            11800000   00040000  0001ca97  00023569  RWIX
  shared_ram            80000000   00020000  00000000  00020000  RWIX
  external_ram          c0000000   08000000  00e00000  07200000  RWIX


SECTION ALLOCATION MAP

 output                                  attributes/
section   page    origin      length       input sections
--------  ----  ----------  ----------   ----------------
.data      0    11800000    00000000     UNINITIALIZED

.sysmem    0    11800000    00010000     UNINITIALIZED
                  11800000    00000008     rts6740.lib : memory.obj (.sysmem)
                  11800008    0000fff8     --HOLE--

.text      0    11810000    0000a5e0     
                  11810000    000016e0     L138_LCDK_aic3106_init.obj (.text)
                  118116e0    00000c20     evmomapl138_bsl.lib : evmomapl138.obj (.text)
                  11812300    000008e0     main.obj (.text)
                  11812be0    000005a0     rts6740.lib : divd.obj (.text:__divd)
                  11813180    00000580                 : _printfi.obj (.text:__getarg_diouxp)
                  11813700    000004e0     evmomapl138_bsl.lib : evmomapl138_i2c_gpio.obj (.text)
                  11813be0    00000440     rts6740.lib : _printfi.obj (.text:__printfi)
                  11814020    00000440                 : _printfi.obj (.text:__setfield)
                  11814460    000003a0                 : fputs.obj (.text:_fputs)
                  11814800    00000380     evmomapl138_bsl.lib : evmomapl138_gpio.obj (.text)
                  11814b80    00000380                         : evmomapl138_i2c.obj (.text)
                  11814f00    00000320     rts6740.lib : _printfi.obj (.text:__pproc_fge)
                  11815220    000002c0                 : _printfi.obj (.text:__pproc_fwp)
                  118154e0    000002c0                 : fread.obj (.text:_fread)
                  118157a0    000002a0                 : _printfi.obj (.text:_ecvt)
                  11815a40    000002a0                 : _printfi.obj (.text:_fcvt)
                  11815ce0    00000280                 : memory.obj (.text:_free)
                  11815f60    00000260                 : imath64.obj (.text:__divull)
                  118161c0    00000260                 : _printfi.obj (.text:__pconv_e)
                  11816420    00000240                 : _printfi.obj (.text:__pproc_diouxp)
                  11816660    00000220                 : _printfi.obj (.text:__pproc_str)
                  11816880    00000220                 : fputc.obj (.text:_fputc)
                  11816aa0    00000220     main.obj (.text:retain)
                  11816cc0    00000200     rts6740.lib : _printfi.obj (.text:__pconv_g)
                  11816ec0    00000200                 : setvbuf.obj (.text:_setvbuf)
                  118170c0    000001e0     evmomapl138_bsl.lib : evmomapl138_timer.obj (.text)
                  118172a0    000001c0     rts6740.lib : _printfi.obj (.text:__mcpy)
                  11817460    000001c0                 : fopen.obj (.text:__openfile)
                  11817620    000001a0                 : imath40.obj (.text:__divul)
                  118177c0    000001a0     evmomapl138_bsl.lib : evmomapl138_aic3106.obj (.text)
                  11817960    00000180     rts6740.lib : trgdrv.obj (.text:_HOSTrename)
                  11817ae0    00000180                 : memory.obj (.text:_malloc)
                  11817c60    00000180                 : lowlev.obj (.text:_open)
                  11817de0    00000140                 : _printfi.obj (.text:__pproc_fflags)
                  11817f20    00000140                 : lowlev.obj (.text:_getdevice)
                  11818060    00000120                 : _bufread.obj (.text:__buff_read)
                  11818180    00000120                 : fclose.obj (.text:__closefile)
                  118182a0    00000120                 : _printfi.obj (.text:__ltostr)
                  118183c0    00000120                 : fopen.obj (.text:__search_fp)
                  118184e0    00000120                 : fseek.obj (.text:_fseek)
                  11818600    00000120                 : perror.obj (.text:_perror)
                  11818720    00000100                 : trgdrv.obj (.text:_HOSTlseek)
                  11818820    00000100                 : _io_perm.obj (.text:__wrt_ok)
                  11818920    000000e0                 : trgdrv.obj (.text:_HOSTopen)
                  11818a00    000000e0                 : atoi.obj (.text:_atoi)
                  11818ae0    000000e0                 : lowlev.obj (.text:_close)
                  11818bc0    000000e0                 : memset.obj (.text:_memset)
                  11818ca0    000000e0                 : printf.obj (.text:_printf)
                  11818d80    000000c0                 : trgdrv.obj (.text:_HOSTread)
                  11818e40    000000c0                 : trgdrv.obj (.text:_HOSTunlink)
                  11818f00    000000c0                 : trgdrv.obj (.text:_HOSTwrite)
                  11818fc0    000000c0                 : autoinit.obj (.text:__auto_init)
                  11819080    000000c0                 : _printfi.obj (.text:__div)
                  11819140    000000c0                 : divu.obj (.text:__divu)
                  11819200    000000c0                 : fflush.obj (.text:__doflush)
                  118192c0    000000c0                 : _io_perm.obj (.text:__rd_ok)
                  11819380    000000c0                 : exit.obj (.text:_exit)
                  11819440    000000c0                 : ltoa.obj (.text:_ltoa)
                  11819500    000000a0                 : trgdrv.obj (.text:_HOSTclose)
                  118195a0    000000a0                 : fopen.obj (.text:__cleanup)
                  11819640    000000a0                 : imath40.obj (.text:__divli)
                  118196e0    000000a0                 : _printfi.obj (.text:__ecpy)
                  11819780    000000a0                 : _printfi.obj (.text:__fcpy)
                  11819820    000000a0                 : fixdli.obj (.text:__fixdli)
                  118198c0    000000a0                 : _printfi.obj (.text:__pconv_f)
                  11819960    000000a0                 : cpy_tbl.obj (.text:_copy_in)
                  11819a00    000000a0                 : lowlev.obj (.text:_finddevice)
                  11819aa0    000000a0                 : lowlev.obj (.text:_lseek)
                  11819b40    000000a0                 : memcpy64.obj (.text:_memcpy)
                  11819be0    000000a0                 : memory.obj (.text:_minsert)
                  11819c80    000000a0                 : memory.obj (.text:_mremove)
                  11819d20    000000a0                 : lowlev.obj (.text:_read)
                  11819dc0    000000a0                 : lowlev.obj (.text:_write)
                  11819e60    00000080                 : fltlid.obj (.text:__fltlid)
                  11819ee0    00000080                 : llshift.obj (.text:__llshl)
                  11819f60    00000080                 : boot.obj (.text:_c_int00)
                  11819fe0    00000080                 : trgmsg.obj (.text:_readmsg)
                  1181a060    00000080                 : lowlev.obj (.text:_unlink)
                  1181a0e0    00000060                 : cpp_init.obj (.text:___TI_cpp_init)
                  1181a140    00000060                 : imath64.obj (.text:__subcull)
                  1181a1a0    00000060                 : fclose.obj (.text:_fclose)
                  1181a200    00000060                 : fopen.obj (.text:_fopen)
                  1181a260    00000060                 : memccpy.obj (.text:_memccpy)
                  1181a2c0    00000060                 : lowlev.obj (.text:_tabinit)
                  1181a320    00000060                 : trgmsg.obj (.text:_writemsg)
                  1181a380    00000040                 : isinf.obj (.text:___isinf)
                  1181a3c0    00000040                 : _printfi.obj (.text:___isnan)
                  1181a400    00000040                 : args_main.obj (.text:__args_main)
                  1181a440    00000040                 : frcmpyd_div.obj (.text:__frcmpyd_div)
                  1181a480    00000040                 : llshift.obj (.text:__llshru)
                  1181a4c0    00000040                 : imath40.obj (.text:__remli)
                  1181a500    00000020                 : negll.obj (.text:__negll)
                  1181a520    00000020                 : _lock.obj (.text:__nop)
                  1181a540    00000020                 : printf.obj (.text:__outc)
                  1181a560    00000020                 : printf.obj (.text:__outs)
                  1181a580    00000020                 : exit.obj (.text:_abort)
                  1181a5a0    00000020                 : remove.obj (.text:_remove)
                  1181a5c0    00000020     vectors_intr.obj (.text)

.far       0    1181a5e0    000012b4     UNINITIALIZED
                  1181a5e0    00000e40     main.obj (.far)
                  1181b420    00000324     rts6740.lib : defs.obj (.far)
                  1181b744    00000004                 : errno.obj (.far)
                  1181b748    0000011c                 : lowlev.obj (.far)
                  1181b864    0000000c                 : exit.obj (.far)
                  1181b870    00000008     L138_LCDK_aic3106_init.obj (.far)
                  1181b878    00000008     rts6740.lib : _lock.obj (.far)
                  1181b880    00000008                 : memory.obj (.far)
                  1181b888    00000008                 : trgdrv.obj (.far)
                  1181b890    00000004                 : fopen.obj (.far)

.stack     0    1181b898    00000800     UNINITIALIZED
                  1181b898    00000008     rts6740.lib : boot.obj (.stack)
                  1181b8a0    000007f8     --HOLE--

.const     0    1181c098    0000047f     
                  1181c098    00000230     main.obj (.const:.string)
                  1181c2c8    00000101     rts6740.lib : ctype.obj (.const:.string:__ctypes_)
                  1181c3c9    00000002                 : fputs.obj (.const:.string)
                  1181c3cb    00000005     --HOLE-- [fill = 0]
                  1181c3d0    00000080     evmomapl138_bsl.lib : evmomapl138.obj (.const:_bitval_u32)
                  1181c450    00000064     rts6740.lib : perror.obj (.const:.string)
                  1181c4b4    00000040     evmomapl138_bsl.lib : evmomapl138.obj (.const:.string)
                  1181c4f4    00000023     rts6740.lib : _printfi.obj (.const:.string)

.cinit     0    1181c518    000001d4     
                  1181c518    0000005c     rts6740.lib : defs.obj (.cinit)
                  1181c574    00000004     --HOLE-- [fill = 0]
                  1181c578    0000005c                 : lowlev.obj (.cinit)
                  1181c5d4    00000004     --HOLE-- [fill = 0]
                  1181c5d8    0000003c     main.obj (.cinit)
                  1181c614    00000004     --HOLE-- [fill = 0]
                  1181c618    0000002c     L138_LCDK_aic3106_init.obj (.cinit)
                  1181c644    00000004     --HOLE-- [fill = 0]
                  1181c648    0000002c     rts6740.lib : exit.obj (.cinit)
                  1181c674    00000004     --HOLE-- [fill = 0]
                  1181c678    0000002c                 : memory.obj (.cinit)
                  1181c6a4    00000004     --HOLE-- [fill = 0]
                  1181c6a8    0000001c                 : _lock.obj (.cinit)
                  1181c6c4    00000004     --HOLE-- [fill = 0]
                  1181c6c8    0000000c                 : errno.obj (.cinit)
                  1181c6d4    00000004     --HOLE-- [fill = 0]
                  1181c6d8    0000000c                 : fopen.obj (.cinit)
                  1181c6e4    00000004     --HOLE-- [fill = 0]
                  1181c6e8    00000004     (.pad.cinit) [fill = 0]

.bss       0    1181c6ec    00000054     UNINITIALIZED
                  1181c6ec    00000034     main.obj (.bss)
                  1181c720    0000001c     L138_LCDK_aic3106_init.obj (.bss)
                  1181c73c    00000004     evmomapl138_bsl.lib : evmomapl138_i2c.obj (.bss)

.switch    0    1181c740    0000003c     
                  1181c740    00000024     evmomapl138_bsl.lib : evmomapl138_gpio.obj (.switch:_getRegisterBankAndBit)
                  1181c764    00000018     rts6740.lib : perror.obj (.switch:_perror)

.vecs      0    1181c800    00000200     
                  1181c800    00000200     vectors_intr.obj (.vecs)

.cio       0    1181ca00    00000120     UNINITIALIZED
                  1181ca00    00000120     rts6740.lib : trgmsg.obj (.cio)

.EXT_RAM   0    c0000000    00e00000     UNINITIALIZED
                  c0000000    00e00000     main.obj (.EXT_RAM)


GLOBAL SYMBOLS: SORTED ALPHABETICALLY BY Name 

address    name
--------   ----
1181c6ec   $bss
1181c6ec   .bss
11800000   .data
11810000   .text
1181a580   C$$EXIT
1181a378   C$$IO$$
118177c0   _AIC3106_init
118178b8   _AIC3106_readRegister
11817910   _AIC3106_writeRegister
1181b870   _AIC31_data
11810258   _EDMA3_PaRAM_setup
118118c8   _EVMOMAPL138_enableDsp
118116e0   _EVMOMAPL138_init
1181170c   _EVMOMAPL138_initRAM
11811990   _EVMOMAPL138_lpscTransition
118118f4   _EVMOMAPL138_pinmuxConfig
11814878   _GPIO_getInput
11814800   _GPIO_setDir
118148ec   _GPIO_setOutput
1181496c   _GPIO_toggleLoop
11819500   _HOSTclose
11818720   _HOSTlseek
11818920   _HOSTopen
11818d80   _HOSTread
11817960   _HOSTrename
11818e40   _HOSTunlink
11818f00   _HOSTwrite
1181a770   _Header
118137d4   _I2CGPIO_getInput
118138f0   _I2CGPIO_getInputAll
11813700   _I2CGPIO_init
11813a00   _I2CGPIO_setOutput
11813b48   _I2CGPIO_setOutputAll
11814b80   _I2C_init
11814c6c   _I2C_read
11814dc8   _I2C_write
1181a786   _InfoHeader
11811118   _L138_init_LCDK_DIP
11810de0   _L138_init_aic3106_registers
11810630   _L138_init_mcasp_edma
118108ec   _L138_init_mcasp_intr
11810b4c   _L138_init_mcasp_poll
118111c4   _L138_initialise_edma
1181142c   _L138_initialise_intr
11811348   _L138_initialise_poll
118171a4   _USTIMER_delay
11817264   _USTIMER_get
118170c0   _USTIMER_init
11817234   _USTIMER_reset
11817278   _USTIMER_set
118122e0   _UTIL_isUIBoardAttached
11812188   _UTIL_printMem
1181ca00   __CIOBUF_
1181c098   __STACK_END
00000800   __STACK_SIZE
00010000   __SYSMEM_SIZE
00000001   __TI_args_main
1181a0e0   ___TI_cpp_init
1181b86c   ___TI_enable_exit_profile_output
ffffffff   ___TI_pprof_out_hndl
ffffffff   ___TI_prof_data_size
ffffffff   ___TI_prof_data_start
ffffffff   ___binit__
1181c6ec   ___bss__
ffffffff   ___c_args__
1181c518   ___cinit__
11800000   ___data__
11800000   ___edata__
1181c740   ___end__
1181a5e0   ___etext__
1181a380   ___isinf
ffffffff   ___pinit__
11810000   ___text__
1181a400   __args_main
11818fc0   __auto_init
11818060   __buff_read
11819140   __c6xabi_divu
118195a0   __cleanup
1181b864   __cleanup_ptr
11818180   __closefile
1181c2c8   __ctypes_
11812be0   __divd
11819640   __divli
11819140   __divu
11817620   __divul
11815f60   __divull
11819200   __doflush
1181b868   __dtors_ptr
11819820   __fixdli
11819e60   __fltlid
1181a440   __frcmpyd_div
1181b740   __ft_end
1181b420   __ftable
11819ee0   __llshl
1181a480   __llshru
1181b878   __lock
1181a500   __negll
1181a520   __nop
11813be0   __printfi
118192c0   __rd_ok
1181a4c0   __remli
1181b898   __stack
1181a140   __subcull
11800000   __sys_memory
1181b600   __tmpnams
1181b87c   __unlock
11818820   __wrt_ok
1181a580   _abort
11818a00   _atoi
11812a4c   _audioread
1181c3d0   _bitval_u32
11819f60   _c_int00
11818ae0   _close
11811d68   _config_pll0
11811fa4   _config_pll1
11819960   _copy_in
1181c708   _counter
1181c700   _datasize
1181b744   _errno
11819380   _exit
1181c734   _fb
1181a1a0   _fclose
1181a200   _fopen
11816880   _fputc
11814460   _fputs
118154e0   _fread
11815ce0   _free
118184e0   _fseek
1181c6fc   _i
1181c71c   _index
118101a8   _input_left_sample
11810200   _input_right_sample
11810150   _input_sample
11816aa0   _interrupt4
1181c718   _lamb
1181c714   _left_sample
11819aa0   _lseek
11819440   _ltoa
118127b8   _m_free
118124ec   _m_malloc
c0000000   _m_mem
11812958   _m_stat
11812b68   _main
11817ae0   _malloc
1181c6ec   _mem_count
11812300   _mem_init
1181a260   _memccpy
11819b40   _memcpy
11818bc0   _memset
11817c60   _open
11810068   _output_left_sample
118100e0   _output_right_sample
11810000   _output_sample
1181c704   _padding
11818600   _perror
1181c724   _pingIN
1181c728   _pingOUT
1181a5e0   _pointers
1181c72c   _pongIN
1181c730   _pongOUT
118116b4   _prand
1181c738   _prand_seed
11811568   _prbs
11818ca0   _printf
11816880   _putc
11811638   _rand31_next
11819d20   _read
11811160   _read_LCDK_user_DIP
11819fe0   _readmsg
1181c70c   _record
1181a5a0   _remove
1181c710   _reset
11812920   _s_free
118128a8   _s_malloc
c0c00000   _s_mem
1181a7a0   _sample
11816ec0   _setvbuf
118123c8   _sort
1181c6f8   _sp
1181b874   _sreg
1181a060   _unlink
1181c6f0   _upper_bound_m
1181c6f4   _upper_bound_s
1181c820   _vector1
1181c940   _vector10
1181c960   _vector11
1181c980   _vector12
1181c9a0   _vector13
1181c9c0   _vector14
1181c9e0   _vector15
1181c840   _vector2
1181c860   _vector3
1181c8a0   _vector5
1181c8c0   _vector6
1181c8e0   _vector7
1181c900   _vector8
1181c920   _vector9
1181c800   _vectors
11819dc0   _write
1181a320   _writemsg
ffffffff   binit
1181c518   cinit
11800000   edata
1181c740   end
1181a5e0   etext
ffffffff   pinit


GLOBAL SYMBOLS: SORTED BY Symbol Address 

address    name
--------   ----
00000001   __TI_args_main
00000800   __STACK_SIZE
00010000   __SYSMEM_SIZE
11800000   .data
11800000   ___data__
11800000   ___edata__
11800000   __sys_memory
11800000   edata
11810000   .text
11810000   ___text__
11810000   _output_sample
11810068   _output_left_sample
118100e0   _output_right_sample
11810150   _input_sample
118101a8   _input_left_sample
11810200   _input_right_sample
11810258   _EDMA3_PaRAM_setup
11810630   _L138_init_mcasp_edma
118108ec   _L138_init_mcasp_intr
11810b4c   _L138_init_mcasp_poll
11810de0   _L138_init_aic3106_registers
11811118   _L138_init_LCDK_DIP
11811160   _read_LCDK_user_DIP
118111c4   _L138_initialise_edma
11811348   _L138_initialise_poll
1181142c   _L138_initialise_intr
11811568   _prbs
11811638   _rand31_next
118116b4   _prand
118116e0   _EVMOMAPL138_init
1181170c   _EVMOMAPL138_initRAM
118118c8   _EVMOMAPL138_enableDsp
118118f4   _EVMOMAPL138_pinmuxConfig
11811990   _EVMOMAPL138_lpscTransition
11811d68   _config_pll0
11811fa4   _config_pll1
11812188   _UTIL_printMem
118122e0   _UTIL_isUIBoardAttached
11812300   _mem_init
118123c8   _sort
118124ec   _m_malloc
118127b8   _m_free
118128a8   _s_malloc
11812920   _s_free
11812958   _m_stat
11812a4c   _audioread
11812b68   _main
11812be0   __divd
11813700   _I2CGPIO_init
118137d4   _I2CGPIO_getInput
118138f0   _I2CGPIO_getInputAll
11813a00   _I2CGPIO_setOutput
11813b48   _I2CGPIO_setOutputAll
11813be0   __printfi
11814460   _fputs
11814800   _GPIO_setDir
11814878   _GPIO_getInput
118148ec   _GPIO_setOutput
1181496c   _GPIO_toggleLoop
11814b80   _I2C_init
11814c6c   _I2C_read
11814dc8   _I2C_write
118154e0   _fread
11815ce0   _free
11815f60   __divull
11816880   _fputc
11816880   _putc
11816aa0   _interrupt4
11816ec0   _setvbuf
118170c0   _USTIMER_init
118171a4   _USTIMER_delay
11817234   _USTIMER_reset
11817264   _USTIMER_get
11817278   _USTIMER_set
11817620   __divul
118177c0   _AIC3106_init
118178b8   _AIC3106_readRegister
11817910   _AIC3106_writeRegister
11817960   _HOSTrename
11817ae0   _malloc
11817c60   _open
11818060   __buff_read
11818180   __closefile
118184e0   _fseek
11818600   _perror
11818720   _HOSTlseek
11818820   __wrt_ok
11818920   _HOSTopen
11818a00   _atoi
11818ae0   _close
11818bc0   _memset
11818ca0   _printf
11818d80   _HOSTread
11818e40   _HOSTunlink
11818f00   _HOSTwrite
11818fc0   __auto_init
11819140   __c6xabi_divu
11819140   __divu
11819200   __doflush
118192c0   __rd_ok
11819380   _exit
11819440   _ltoa
11819500   _HOSTclose
118195a0   __cleanup
11819640   __divli
11819820   __fixdli
11819960   _copy_in
11819aa0   _lseek
11819b40   _memcpy
11819d20   _read
11819dc0   _write
11819e60   __fltlid
11819ee0   __llshl
11819f60   _c_int00
11819fe0   _readmsg
1181a060   _unlink
1181a0e0   ___TI_cpp_init
1181a140   __subcull
1181a1a0   _fclose
1181a200   _fopen
1181a260   _memccpy
1181a320   _writemsg
1181a378   C$$IO$$
1181a380   ___isinf
1181a400   __args_main
1181a440   __frcmpyd_div
1181a480   __llshru
1181a4c0   __remli
1181a500   __negll
1181a520   __nop
1181a580   C$$EXIT
1181a580   _abort
1181a5a0   _remove
1181a5e0   ___etext__
1181a5e0   _pointers
1181a5e0   etext
1181a770   _Header
1181a786   _InfoHeader
1181a7a0   _sample
1181b420   __ftable
1181b600   __tmpnams
1181b740   __ft_end
1181b744   _errno
1181b864   __cleanup_ptr
1181b868   __dtors_ptr
1181b86c   ___TI_enable_exit_profile_output
1181b870   _AIC31_data
1181b874   _sreg
1181b878   __lock
1181b87c   __unlock
1181b898   __stack
1181c098   __STACK_END
1181c2c8   __ctypes_
1181c3d0   _bitval_u32
1181c518   ___cinit__
1181c518   cinit
1181c6ec   $bss
1181c6ec   .bss
1181c6ec   ___bss__
1181c6ec   _mem_count
1181c6f0   _upper_bound_m
1181c6f4   _upper_bound_s
1181c6f8   _sp
1181c6fc   _i
1181c700   _datasize
1181c704   _padding
1181c708   _counter
1181c70c   _record
1181c710   _reset
1181c714   _left_sample
1181c718   _lamb
1181c71c   _index
1181c724   _pingIN
1181c728   _pingOUT
1181c72c   _pongIN
1181c730   _pongOUT
1181c734   _fb
1181c738   _prand_seed
1181c740   ___end__
1181c740   end
1181c800   _vectors
1181c820   _vector1
1181c840   _vector2
1181c860   _vector3
1181c8a0   _vector5
1181c8c0   _vector6
1181c8e0   _vector7
1181c900   _vector8
1181c920   _vector9
1181c940   _vector10
1181c960   _vector11
1181c980   _vector12
1181c9a0   _vector13
1181c9c0   _vector14
1181c9e0   _vector15
1181ca00   __CIOBUF_
c0000000   _m_mem
c0c00000   _s_mem
ffffffff   ___TI_pprof_out_hndl
ffffffff   ___TI_prof_data_size
ffffffff   ___TI_prof_data_start
ffffffff   ___binit__
ffffffff   ___c_args__
ffffffff   ___pinit__
ffffffff   binit
ffffffff   pinit

[206 symbols]
